Archive member included to satisfy reference by file (symbol)

/usr/lib/gcc/arm-none-eabi/9.2.1/thumb/v6-m/nofp/libgcc.a(_dvmd_tls.o)
                              CMakeFiles/ipdss_rpico.dir/home/valera/pico/pico-sdk/src/rp2_common/pico_divider/divider.S.obj (__aeabi_idiv0)
/usr/lib/gcc/arm-none-eabi/9.2.1/../../../arm-none-eabi/lib/thumb/v6-m/nofp/libg.a(lib_a-atexit.o)
                              /usr/lib/gcc/arm-none-eabi/9.2.1/../../../arm-none-eabi/lib/thumb/v6-m/nofp/crt0.o (atexit)
/usr/lib/gcc/arm-none-eabi/9.2.1/../../../arm-none-eabi/lib/thumb/v6-m/nofp/libg.a(lib_a-calloc.o)
                              CMakeFiles/ipdss_rpico.dir/home/valera/pico/pico-sdk/src/rp2_common/pico_malloc/pico_malloc.c.obj (calloc)
/usr/lib/gcc/arm-none-eabi/9.2.1/../../../arm-none-eabi/lib/thumb/v6-m/nofp/libg.a(lib_a-callocr.o)
                              /usr/lib/gcc/arm-none-eabi/9.2.1/../../../arm-none-eabi/lib/thumb/v6-m/nofp/libg.a(lib_a-calloc.o) (_calloc_r)
/usr/lib/gcc/arm-none-eabi/9.2.1/../../../arm-none-eabi/lib/thumb/v6-m/nofp/libg.a(lib_a-ctype_.o)
                              CMakeFiles/ipdss_rpico.dir/home/valera/pico/pico-sdk/lib/tinyusb/src/tusb.c.obj (_ctype_)
/usr/lib/gcc/arm-none-eabi/9.2.1/../../../arm-none-eabi/lib/thumb/v6-m/nofp/libg.a(lib_a-fini.o)
                              /usr/lib/gcc/arm-none-eabi/9.2.1/../../../arm-none-eabi/lib/thumb/v6-m/nofp/crt0.o (__libc_fini_array)
/usr/lib/gcc/arm-none-eabi/9.2.1/../../../arm-none-eabi/lib/thumb/v6-m/nofp/libg.a(lib_a-impure.o)
                              /usr/lib/gcc/arm-none-eabi/9.2.1/../../../arm-none-eabi/lib/thumb/v6-m/nofp/libg.a(lib_a-calloc.o) (_impure_ptr)
/usr/lib/gcc/arm-none-eabi/9.2.1/../../../arm-none-eabi/lib/thumb/v6-m/nofp/libg.a(lib_a-init.o)
                              /usr/lib/gcc/arm-none-eabi/9.2.1/../../../arm-none-eabi/lib/thumb/v6-m/nofp/crt0.o (__libc_init_array)
/usr/lib/gcc/arm-none-eabi/9.2.1/../../../arm-none-eabi/lib/thumb/v6-m/nofp/libg.a(lib_a-malloc.o)
                              CMakeFiles/ipdss_rpico.dir/home/valera/pico/pico-sdk/src/rp2_common/pico_malloc/pico_malloc.c.obj (malloc)
/usr/lib/gcc/arm-none-eabi/9.2.1/../../../arm-none-eabi/lib/thumb/v6-m/nofp/libg.a(lib_a-mallocr.o)
                              /usr/lib/gcc/arm-none-eabi/9.2.1/../../../arm-none-eabi/lib/thumb/v6-m/nofp/libg.a(lib_a-callocr.o) (_malloc_r)
/usr/lib/gcc/arm-none-eabi/9.2.1/../../../arm-none-eabi/lib/thumb/v6-m/nofp/libg.a(lib_a-mlock.o)
                              /usr/lib/gcc/arm-none-eabi/9.2.1/../../../arm-none-eabi/lib/thumb/v6-m/nofp/libg.a(lib_a-mallocr.o) (__malloc_lock)
/usr/lib/gcc/arm-none-eabi/9.2.1/../../../arm-none-eabi/lib/thumb/v6-m/nofp/libg.a(lib_a-sbrkr.o)
                              /usr/lib/gcc/arm-none-eabi/9.2.1/../../../arm-none-eabi/lib/thumb/v6-m/nofp/libg.a(lib_a-mallocr.o) (_sbrk_r)
/usr/lib/gcc/arm-none-eabi/9.2.1/../../../arm-none-eabi/lib/thumb/v6-m/nofp/libg.a(lib_a-strlen-stub.o)
                              CMakeFiles/ipdss_rpico.dir/home/valera/pico/pico-sdk/src/rp2_common/pico_stdio/stdio.c.obj (strlen)
/usr/lib/gcc/arm-none-eabi/9.2.1/../../../arm-none-eabi/lib/thumb/v6-m/nofp/libg.a(lib_a-__atexit.o)
                              /usr/lib/gcc/arm-none-eabi/9.2.1/../../../arm-none-eabi/lib/thumb/v6-m/nofp/libg.a(lib_a-atexit.o) (__register_exitproc)
/usr/lib/gcc/arm-none-eabi/9.2.1/../../../arm-none-eabi/lib/thumb/v6-m/nofp/libg.a(lib_a-freer.o)
                              /usr/lib/gcc/arm-none-eabi/9.2.1/../../../arm-none-eabi/lib/thumb/v6-m/nofp/libg.a(lib_a-malloc.o) (_free_r)
/usr/lib/gcc/arm-none-eabi/9.2.1/../../../arm-none-eabi/lib/thumb/v6-m/nofp/libg.a(lib_a-reent.o)
                              /usr/lib/gcc/arm-none-eabi/9.2.1/../../../arm-none-eabi/lib/thumb/v6-m/nofp/libg.a(lib_a-sbrkr.o) (errno)

Allocating common symbols
Common symbol       size              file

sf_table            0x100             CMakeFiles/ipdss_rpico.dir/home/valera/pico/pico-sdk/src/rp2_common/pico_float/float_init_rom.c.obj
errno               0x4               /usr/lib/gcc/arm-none-eabi/9.2.1/../../../arm-none-eabi/lib/thumb/v6-m/nofp/libg.a(lib_a-reent.o)
_usbd_qdef_buf      0xc0              CMakeFiles/ipdss_rpico.dir/home/valera/pico/pico-sdk/lib/tinyusb/src/device/usbd.c.obj
sf_clz_func         0x4               CMakeFiles/ipdss_rpico.dir/home/valera/pico/pico-sdk/src/rp2_common/pico_float/float_init_rom.c.obj
sd_table            0x100             CMakeFiles/ipdss_rpico.dir/home/valera/pico/pico-sdk/src/rp2_common/pico_double/double_init_rom.c.obj
uart_char_to_line_feed
                    0x4               CMakeFiles/ipdss_rpico.dir/home/valera/pico/pico-sdk/src/rp2_common/hardware_uart/uart.c.obj

Discarded input sections

 .text          0x0000000000000000        0x0 /usr/lib/gcc/arm-none-eabi/9.2.1/thumb/v6-m/nofp/crti.o
 .data          0x0000000000000000        0x0 /usr/lib/gcc/arm-none-eabi/9.2.1/thumb/v6-m/nofp/crti.o
[...]
Memory Configuration

Name             Origin             Length             Attributes
FLASH            0x0000000010000000 0x0000000000200000 xr
RAM              0x0000000020000000 0x0000000000040000 xrw
SCRATCH_X        0x0000000020040000 0x0000000000001000 xrw
SCRATCH_Y        0x0000000020041000 0x0000000000001000 xrw
*default*        0x0000000000000000 0xffffffffffffffff

Linker script and memory map

LOAD /usr/lib/gcc/arm-none-eabi/9.2.1/thumb/v6-m/nofp/crti.o
LOAD /usr/lib/gcc/arm-none-eabi/9.2.1/thumb/v6-m/nofp/crtbegin.o
LOAD /usr/lib/gcc/arm-none-eabi/9.2.1/../../../arm-none-eabi/lib/thumb/v6-m/nofp/crt0.o

.flash_begin    0x0000000010000000        0x0
                0x0000000010000000                __flash_binary_start = .

.boot2          0x0000000010000000      0x100
                0x0000000010000000                __boot2_start__ = .
 *(.boot2)
 .boot2         0x0000000010000000      0x100 /tmp/ccvVAvHb.o
                0x0000000010000100                __boot2_end__ = .
                0x0000000000000001                ASSERT (((__boot2_end__ - __boot2_start__) == 0x100), ERROR: Pico second stage bootloader must be 256 bytes in size)

.text           0x0000000010000100     0x6bf8
                0x0000000010000100                __logical_binary_start = .
 *(.vectors)
 .vectors       0x0000000010000100       0xd4 CMakeFiles/ipdss_rpico.dir/home/valera/pico/pico-sdk/src/rp2_common/pico_standard_link/crt0.S.obj
                0x0000000010000100                __vectors
                0x00000000100001c0                isr_invalid
                0x00000000100001c2                isr_nmi
                0x00000000100001c4                isr_hardfault
                0x00000000100001c6                isr_svcall
                0x00000000100001c8                isr_pendsv
                0x00000000100001ca                isr_systick
                0x00000000100001cc                isr_irq30
                0x00000000100001cc                __unhandled_user_irq
                0x00000000100001cc                isr_irq13
                0x00000000100001cc                isr_irq27
                0x00000000100001cc                isr_irq31
                0x00000000100001cc                isr_irq5
                0x00000000100001cc                isr_irq11
                0x00000000100001cc                isr_irq23
                0x00000000100001cc                isr_irq18
                0x00000000100001cc                isr_irq28
                0x00000000100001cc                isr_irq19
                0x00000000100001cc                isr_irq0
                0x00000000100001cc                isr_irq6
                0x00000000100001cc                isr_irq22
                0x00000000100001cc                isr_irq17
                0x00000000100001cc                isr_irq14
                0x00000000100001cc                isr_irq2
                0x00000000100001cc                isr_irq10
                0x00000000100001cc                isr_irq8
                0x00000000100001cc                isr_irq24
                0x00000000100001cc                isr_irq1
                0x00000000100001cc                isr_irq7
                0x00000000100001cc                isr_irq21
                0x00000000100001cc                isr_irq20
                0x00000000100001cc                isr_irq15
                0x00000000100001cc                isr_irq25
                0x00000000100001cc                isr_irq4
                0x00000000100001cc                isr_irq16
                0x00000000100001cc                isr_irq29
                0x00000000100001cc                isr_irq26
                0x00000000100001cc                isr_irq3
                0x00000000100001cc                isr_irq12
                0x00000000100001cc                isr_irq9
                0x00000000100001d2                unhandled_user_irq_num_in_r0
 *(.binary_info_header)
 .binary_info_header
                0x00000000100001d4       0x14 CMakeFiles/ipdss_rpico.dir/home/valera/pico/pico-sdk/src/rp2_common/pico_standard_link/crt0.S.obj
                0x00000000100001e8                __binary_info_header_end = .
 *(.reset)
 .reset         0x00000000100001e8       0xa8 CMakeFiles/ipdss_rpico.dir/home/valera/pico/pico-sdk/src/rp2_common/pico_standard_link/crt0.S.obj
                0x00000000100001e8                _entry_point
                0x0000000010000266                __get_current_exception
 .reset         0x0000000010000290       0x30 CMakeFiles/ipdss_rpico.dir/home/valera/pico/pico-sdk/src/rp2_common/pico_standard_link/binary_info.c.obj
 *(.init)
 .init          0x00000000100002c0        0x4 /usr/lib/gcc/arm-none-eabi/9.2.1/thumb/v6-m/nofp/crti.o
                0x00000000100002c0                _init
 *(EXCLUDE_FILE(*libm.a: *libc.a:*lib_a-mem*.o *libgcc.a:) .text*)
 .text          0x00000000100002c4       0x98 /usr/lib/gcc/arm-none-eabi/9.2.1/thumb/v6-m/nofp/crtbegin.o
 .text.main     0x000000001000035c       0x18 CMakeFiles/ipdss_rpico.dir/main.c.obj
                0x000000001000035c                main
 .text.gpio_set_function
                0x0000000010000374       0x30 CMakeFiles/ipdss_rpico.dir/home/valera/pico/pico-sdk/src/rp2_common/hardware_gpio/gpio.c.obj
                0x0000000010000374                gpio_set_function
 .text.hw_claim_lock
                0x00000000100003a4       0x18 CMakeFiles/ipdss_rpico.dir/home/valera/pico/pico-sdk/src/rp2_common/hardware_claim/claim.c.obj
                0x00000000100003a4                hw_claim_lock
 .text.hw_claim_unlock
                0x00000000100003bc       0x14 CMakeFiles/ipdss_rpico.dir/home/valera/pico/pico-sdk/src/rp2_common/hardware_claim/claim.c.obj
                0x00000000100003bc                hw_claim_unlock
 .text.hw_claim_or_assert
                0x00000000100003d0       0x36 CMakeFiles/ipdss_rpico.dir/home/valera/pico/pico-sdk/src/rp2_common/hardware_claim/claim.c.obj
                0x00000000100003d0                hw_claim_or_assert
 .text.hw_claim_unused_from_range
                0x0000000010000406       0x58 CMakeFiles/ipdss_rpico.dir/home/valera/pico/pico-sdk/src/rp2_common/hardware_claim/claim.c.obj
                0x0000000010000406                hw_claim_unused_from_range
 *fill*         0x000000001000045e        0x2 
 .text.spin_locks_reset
                0x0000000010000460       0x20 CMakeFiles/ipdss_rpico.dir/home/valera/pico/pico-sdk/src/rp2_common/hardware_sync/sync.c.obj
                0x0000000010000460                spin_locks_reset
 .text.next_striped_spin_lock_num
                0x0000000010000480       0x1c CMakeFiles/ipdss_rpico.dir/home/valera/pico/pico-sdk/src/rp2_common/hardware_sync/sync.c.obj
                0x0000000010000480                next_striped_spin_lock_num
 .text.spin_lock_claim_unused
                0x000000001000049c       0x20 CMakeFiles/ipdss_rpico.dir/home/valera/pico/pico-sdk/src/rp2_common/hardware_sync/sync.c.obj
                0x000000001000049c                spin_lock_claim_unused
 .text.running_on_fpga
                0x00000000100004bc       0x14 CMakeFiles/ipdss_rpico.dir/home/valera/pico/pico-sdk/src/rp2_common/pico_platform/platform.c.obj
                0x00000000100004bc                running_on_fpga
 .text.uart_set_baudrate
                0x00000000100004d0       0x64 CMakeFiles/ipdss_rpico.dir/home/valera/pico/pico-sdk/src/rp2_common/hardware_uart/uart.c.obj
                0x00000000100004d0                uart_set_baudrate
 .text.uart_set_translate_crlf
                0x0000000010000534       0x28 CMakeFiles/ipdss_rpico.dir/home/valera/pico/pico-sdk/src/rp2_common/hardware_uart/uart.c.obj
                0x0000000010000534                uart_set_translate_crlf
 .text.uart_init
                0x000000001000055c       0x80 CMakeFiles/ipdss_rpico.dir/home/valera/pico/pico-sdk/src/rp2_common/hardware_uart/uart.c.obj
                0x000000001000055c                uart_init
 .text.sev_callback
                0x00000000100005dc        0x8 CMakeFiles/ipdss_rpico.dir/home/valera/pico/pico-sdk/src/common/pico_time/time.c.obj
 .text.alarm_pool_post_alloc_init
                0x00000000100005e4       0x40 CMakeFiles/ipdss_rpico.dir/home/valera/pico/pico-sdk/src/common/pico_time/time.c.obj
 .text.timer_pool_entry_comparator
                0x0000000010000624       0x7c CMakeFiles/ipdss_rpico.dir/home/valera/pico/pico-sdk/src/common/pico_time/time.c.obj
                0x0000000010000624                timer_pool_entry_comparator
 .text.ph_add_child_node
                0x00000000100006a0       0xa4 CMakeFiles/ipdss_rpico.dir/home/valera/pico/pico-sdk/src/common/pico_time/time.c.obj
 .text.ph_merge_nodes
                0x0000000010000744       0x3e CMakeFiles/ipdss_rpico.dir/home/valera/pico/pico-sdk/src/common/pico_time/time.c.obj
 *fill*         0x0000000010000782        0x2 
 .text.add_alarm_under_lock
                0x0000000010000784      0x174 CMakeFiles/ipdss_rpico.dir/home/valera/pico/pico-sdk/src/common/pico_time/time.c.obj
 .text.alarm_pool_alarm_callback
                0x00000000100008f8      0x32c CMakeFiles/ipdss_rpico.dir/home/valera/pico/pico-sdk/src/common/pico_time/time.c.obj
 .text.alarm_pool_init_default
                0x0000000010000c24       0x2c CMakeFiles/ipdss_rpico.dir/home/valera/pico/pico-sdk/src/common/pico_time/time.c.obj
                0x0000000010000c24                alarm_pool_init_default
 .text.alarm_pool_get_default
                0x0000000010000c50       0x2c CMakeFiles/ipdss_rpico.dir/home/valera/pico/pico-sdk/src/common/pico_time/time.c.obj
                0x0000000010000c50                alarm_pool_get_default
 .text.alarm_pool_add_alarm_at
                0x0000000010000c7c      0x170 CMakeFiles/ipdss_rpico.dir/home/valera/pico/pico-sdk/src/common/pico_time/time.c.obj
                0x0000000010000c7c                alarm_pool_add_alarm_at
 .text.alarm_pool_cancel_alarm
                0x0000000010000dec       0xec CMakeFiles/ipdss_rpico.dir/home/valera/pico/pico-sdk/src/common/pico_time/time.c.obj
                0x0000000010000dec                alarm_pool_cancel_alarm
 .text.sleep_until
                0x0000000010000ed8       0xd4 CMakeFiles/ipdss_rpico.dir/home/valera/pico/pico-sdk/src/common/pico_time/time.c.obj
                0x0000000010000ed8                sleep_until
 .text.sleep_us
                0x0000000010000fac       0x58 CMakeFiles/ipdss_rpico.dir/home/valera/pico/pico-sdk/src/common/pico_time/time.c.obj
                0x0000000010000fac                sleep_us
 .text.sleep_ms
                0x0000000010001004       0x14 CMakeFiles/ipdss_rpico.dir/home/valera/pico/pico-sdk/src/common/pico_time/time.c.obj
                0x0000000010001004                sleep_ms
 .text.best_effort_wfe_or_timeout
                0x0000000010001018       0x80 CMakeFiles/ipdss_rpico.dir/home/valera/pico/pico-sdk/src/common/pico_time/time.c.obj
                0x0000000010001018                best_effort_wfe_or_timeout
 .text.hardware_alarm_irq_handler
                0x0000000010001098       0x8c CMakeFiles/ipdss_rpico.dir/home/valera/pico/pico-sdk/src/rp2_common/hardware_timer/timer.c.obj
 .text.hardware_alarm_claim
                0x0000000010001124       0x18 CMakeFiles/ipdss_rpico.dir/home/valera/pico/pico-sdk/src/rp2_common/hardware_timer/timer.c.obj
                0x0000000010001124                hardware_alarm_claim
 .text.time_us_64
                0x000000001000113c       0x18 CMakeFiles/ipdss_rpico.dir/home/valera/pico/pico-sdk/src/rp2_common/hardware_timer/timer.c.obj
                0x000000001000113c                time_us_64
 .text.busy_wait_until
                0x0000000010001154       0x24 CMakeFiles/ipdss_rpico.dir/home/valera/pico/pico-sdk/src/rp2_common/hardware_timer/timer.c.obj
                0x0000000010001154                busy_wait_until
 .text.hardware_alarm_set_callback
                0x0000000010001178       0x90 CMakeFiles/ipdss_rpico.dir/home/valera/pico/pico-sdk/src/rp2_common/hardware_timer/timer.c.obj
                0x0000000010001178                hardware_alarm_set_callback
 .text.hardware_alarm_set_target
                0x0000000010001208       0xe8 CMakeFiles/ipdss_rpico.dir/home/valera/pico/pico-sdk/src/rp2_common/hardware_timer/timer.c.obj
                0x0000000010001208                hardware_alarm_set_target
 .text.hardware_alarm_cancel
                0x00000000100012f0       0x40 CMakeFiles/ipdss_rpico.dir/home/valera/pico/pico-sdk/src/rp2_common/hardware_timer/timer.c.obj
                0x00000000100012f0                hardware_alarm_cancel
 .text.lock_init
                0x0000000010001330       0x10 CMakeFiles/ipdss_rpico.dir/home/valera/pico/pico-sdk/src/common/pico_sync/lock_core.c.obj
                0x0000000010001330                lock_init
 .text.mutex_init
                0x0000000010001340       0x1a CMakeFiles/ipdss_rpico.dir/home/valera/pico/pico-sdk/src/common/pico_sync/mutex.c.obj
                0x0000000010001340                mutex_init
 .text.critical_section_init_with_lock_num
                0x000000001000135a        0xc CMakeFiles/ipdss_rpico.dir/home/valera/pico/pico-sdk/src/common/pico_sync/critical_section.c.obj
                0x000000001000135a                critical_section_init_with_lock_num
 .text.critical_section_init
                0x0000000010001366       0x14 CMakeFiles/ipdss_rpico.dir/home/valera/pico/pico-sdk/src/common/pico_sync/critical_section.c.obj
                0x0000000010001366                critical_section_init
 *fill*         0x000000001000137a        0x2 
 .text.ph_add_child_node
                0x000000001000137c       0xa4 CMakeFiles/ipdss_rpico.dir/home/valera/pico/pico-sdk/src/common/pico_util/pheap.c.obj
 .text.ph_merge_nodes
                0x0000000010001420       0x3e CMakeFiles/ipdss_rpico.dir/home/valera/pico/pico-sdk/src/common/pico_util/pheap.c.obj
 *fill*         0x000000001000145e        0x2 
 .text.ph_clear
                0x0000000010001460       0x70 CMakeFiles/ipdss_rpico.dir/home/valera/pico/pico-sdk/src/common/pico_util/pheap.c.obj
                0x0000000010001460                ph_clear
 .text.ph_post_alloc_init
                0x00000000100014d0        0xe CMakeFiles/ipdss_rpico.dir/home/valera/pico/pico-sdk/src/common/pico_util/pheap.c.obj
                0x00000000100014d0                ph_post_alloc_init
 *fill*         0x00000000100014de        0x2 
 .text.ph_merge_two_pass
                0x00000000100014e0       0xa8 CMakeFiles/ipdss_rpico.dir/home/valera/pico/pico-sdk/src/common/pico_util/pheap.c.obj
                0x00000000100014e0                ph_merge_two_pass
 .text.ph_remove_any_head
                0x0000000010001588      0x108 CMakeFiles/ipdss_rpico.dir/home/valera/pico/pico-sdk/src/common/pico_util/pheap.c.obj
 .text.ph_remove_head
                0x0000000010001690       0x14 CMakeFiles/ipdss_rpico.dir/home/valera/pico/pico-sdk/src/common/pico_util/pheap.c.obj
                0x0000000010001690                ph_remove_head
 .text.ph_remove_and_free_node
                0x00000000100016a4       0xf8 CMakeFiles/ipdss_rpico.dir/home/valera/pico/pico-sdk/src/common/pico_util/pheap.c.obj
                0x00000000100016a4                ph_remove_and_free_node
 .text.runtime_init
                0x000000001000179c       0xcc CMakeFiles/ipdss_rpico.dir/home/valera/pico/pico-sdk/src/rp2_common/pico_runtime/runtime.c.obj
                0x000000001000179c                runtime_init
 .text._exit    0x0000000010001868        0x4 CMakeFiles/ipdss_rpico.dir/home/valera/pico/pico-sdk/src/rp2_common/pico_runtime/runtime.c.obj
                0x0000000010001868                _exit
 .text.exit     0x000000001000186c        0x6 CMakeFiles/ipdss_rpico.dir/home/valera/pico/pico-sdk/src/rp2_common/pico_runtime/runtime.c.obj
                0x000000001000186c                exit
 *fill*         0x0000000010001872        0x2 
 .text.__assert_func
                0x0000000010001874       0x3c CMakeFiles/ipdss_rpico.dir/home/valera/pico/pico-sdk/src/rp2_common/pico_runtime/runtime.c.obj
                0x0000000010001874                __assert_func
 .text.panic    0x00000000100018b0       0x30 CMakeFiles/ipdss_rpico.dir/home/valera/pico/pico-sdk/src/rp2_common/pico_runtime/runtime.c.obj
                0x00000000100018b0                panic
 .text.clock_configure
                0x00000000100018e0       0xe8 CMakeFiles/ipdss_rpico.dir/home/valera/pico/pico-sdk/src/rp2_common/hardware_clocks/clocks.c.obj
                0x00000000100018e0                clock_configure
 .text.clocks_init
                0x00000000100019c8      0x124 CMakeFiles/ipdss_rpico.dir/home/valera/pico/pico-sdk/src/rp2_common/hardware_clocks/clocks.c.obj
                0x00000000100019c8                clocks_init
 .text.clock_get_hz
                0x0000000010001aec        0xc CMakeFiles/ipdss_rpico.dir/home/valera/pico/pico-sdk/src/rp2_common/hardware_clocks/clocks.c.obj
                0x0000000010001aec                clock_get_hz
 .text.watchdog_start_tick
                0x0000000010001af8       0x10 CMakeFiles/ipdss_rpico.dir/home/valera/pico/pico-sdk/src/rp2_common/hardware_watchdog/watchdog.c.obj
                0x0000000010001af8                watchdog_start_tick
 .text.watchdog_update
                0x0000000010001b08       0x14 CMakeFiles/ipdss_rpico.dir/home/valera/pico/pico-sdk/src/rp2_common/hardware_watchdog/watchdog.c.obj
                0x0000000010001b08                watchdog_update
 .text._watchdog_enable
                0x0000000010001b1c       0x70 CMakeFiles/ipdss_rpico.dir/home/valera/pico/pico-sdk/src/rp2_common/hardware_watchdog/watchdog.c.obj
                0x0000000010001b1c                _watchdog_enable
 .text.watchdog_reboot
                0x0000000010001b8c       0x48 CMakeFiles/ipdss_rpico.dir/home/valera/pico/pico-sdk/src/rp2_common/hardware_watchdog/watchdog.c.obj
                0x0000000010001b8c                watchdog_reboot
 .text.xosc_init
                0x0000000010001bd4       0x28 CMakeFiles/ipdss_rpico.dir/home/valera/pico/pico-sdk/src/rp2_common/hardware_xosc/xosc.c.obj
                0x0000000010001bd4                xosc_init
 .text.pll_init
                0x0000000010001bfc       0xd0 CMakeFiles/ipdss_rpico.dir/home/valera/pico/pico-sdk/src/rp2_common/hardware_pll/pll.c.obj
                0x0000000010001bfc                pll_init
 .text.set_raw_irq_handler_and_unlock
                0x0000000010001ccc       0x28 CMakeFiles/ipdss_rpico.dir/home/valera/pico/pico-sdk/src/rp2_common/hardware_irq/irq.c.obj
 .text.make_branch
                0x0000000010001cf4       0x34 CMakeFiles/ipdss_rpico.dir/home/valera/pico/pico-sdk/src/rp2_common/hardware_irq/irq.c.obj
 .text.insert_branch_and_link
                0x0000000010001d28       0x40 CMakeFiles/ipdss_rpico.dir/home/valera/pico/pico-sdk/src/rp2_common/hardware_irq/irq.c.obj
 .text.irq_is_enabled
                0x0000000010001d68       0x18 CMakeFiles/ipdss_rpico.dir/home/valera/pico/pico-sdk/src/rp2_common/hardware_irq/irq.c.obj
                0x0000000010001d68                irq_is_enabled
 .text.irq_set_mask_enabled
                0x0000000010001d80       0x20 CMakeFiles/ipdss_rpico.dir/home/valera/pico/pico-sdk/src/rp2_common/hardware_irq/irq.c.obj
                0x0000000010001d80                irq_set_mask_enabled
 .text.irq_set_enabled
                0x0000000010001da0        0xe CMakeFiles/ipdss_rpico.dir/home/valera/pico/pico-sdk/src/rp2_common/hardware_irq/irq.c.obj
                0x0000000010001da0                irq_set_enabled
 *fill*         0x0000000010001dae        0x2 
 .text.irq_set_pending
                0x0000000010001db0       0x10 CMakeFiles/ipdss_rpico.dir/home/valera/pico/pico-sdk/src/rp2_common/hardware_irq/irq.c.obj
                0x0000000010001db0                irq_set_pending
 .text.irq_get_vtable_handler
                0x0000000010001dc0       0x10 CMakeFiles/ipdss_rpico.dir/home/valera/pico/pico-sdk/src/rp2_common/hardware_irq/irq.c.obj
                0x0000000010001dc0                irq_get_vtable_handler
 .text.irq_set_exclusive_handler
                0x0000000010001dd0       0x54 CMakeFiles/ipdss_rpico.dir/home/valera/pico/pico-sdk/src/rp2_common/hardware_irq/irq.c.obj
                0x0000000010001dd0                irq_set_exclusive_handler
 .text.irq_remove_handler
                0x0000000010001e24      0x1ac CMakeFiles/ipdss_rpico.dir/home/valera/pico/pico-sdk/src/rp2_common/hardware_irq/irq.c.obj
                0x0000000010001e24                irq_remove_handler
 .text.irq_set_priority
                0x0000000010001fd0       0x28 CMakeFiles/ipdss_rpico.dir/home/valera/pico/pico-sdk/src/rp2_common/hardware_irq/irq.c.obj
                0x0000000010001fd0                irq_set_priority
 .text.irq_add_tail_to_free_list
                0x0000000010001ff8       0xf0 CMakeFiles/ipdss_rpico.dir/home/valera/pico/pico-sdk/src/rp2_common/hardware_irq/irq.c.obj
                0x0000000010001ff8                irq_add_tail_to_free_list
 .text.irq_init_priorities
                0x00000000100020e8       0x16 CMakeFiles/ipdss_rpico.dir/home/valera/pico/pico-sdk/src/rp2_common/hardware_irq/irq.c.obj
                0x00000000100020e8                irq_init_priorities
 .text._out_null
                0x00000000100020fe        0x2 CMakeFiles/ipdss_rpico.dir/home/valera/pico/pico-sdk/src/rp2_common/pico_printf/printf.c.obj
 .text._out_fct
                0x0000000010002100        0xe CMakeFiles/ipdss_rpico.dir/home/valera/pico/pico-sdk/src/rp2_common/pico_printf/printf.c.obj
 .text._atoi    0x000000001000210e       0x24 CMakeFiles/ipdss_rpico.dir/home/valera/pico/pico-sdk/src/rp2_common/pico_printf/printf.c.obj
 .text._out_rev
                0x0000000010002132       0xae CMakeFiles/ipdss_rpico.dir/home/valera/pico/pico-sdk/src/rp2_common/pico_printf/printf.c.obj
 .text._ntoa_format
                0x00000000100021e0      0x110 CMakeFiles/ipdss_rpico.dir/home/valera/pico/pico-sdk/src/rp2_common/pico_printf/printf.c.obj
 .text._ntoa_long
                0x00000000100022f0       0xbc CMakeFiles/ipdss_rpico.dir/home/valera/pico/pico-sdk/src/rp2_common/pico_printf/printf.c.obj
 .text._ntoa_long_long
                0x00000000100023ac       0xe2 CMakeFiles/ipdss_rpico.dir/home/valera/pico/pico-sdk/src/rp2_common/pico_printf/printf.c.obj
 *fill*         0x000000001000248e        0x2 
 .text._etoa    0x0000000010002490      0x40c CMakeFiles/ipdss_rpico.dir/home/valera/pico/pico-sdk/src/rp2_common/pico_printf/printf.c.obj
 .text._ftoa    0x000000001000289c      0x354 CMakeFiles/ipdss_rpico.dir/home/valera/pico/pico-sdk/src/rp2_common/pico_printf/printf.c.obj
 .text._vsnprintf
                0x0000000010002bf0      0x628 CMakeFiles/ipdss_rpico.dir/home/valera/pico/pico-sdk/src/rp2_common/pico_printf/printf.c.obj
 .text.vfctprintf
                0x0000000010003218       0x20 CMakeFiles/ipdss_rpico.dir/home/valera/pico/pico-sdk/src/rp2_common/pico_printf/printf.c.obj
                0x0000000010003218                vfctprintf
 .text          0x0000000010003238       0x10 CMakeFiles/ipdss_rpico.dir/home/valera/pico/pico-sdk/src/rp2_common/pico_bit_ops/bit_ops_aeabi.S.obj
 .text.rom_func_lookup
                0x0000000010003248       0x10 CMakeFiles/ipdss_rpico.dir/home/valera/pico/pico-sdk/src/rp2_common/pico_bootrom/bootrom.c.obj
                0x0000000010003248                rom_func_lookup
 .text.rom_data_lookup
                0x0000000010003258       0x10 CMakeFiles/ipdss_rpico.dir/home/valera/pico/pico-sdk/src/rp2_common/pico_bootrom/bootrom.c.obj
                0x0000000010003258                rom_data_lookup
 .text.rom_funcs_lookup
                0x0000000010003268       0x36 CMakeFiles/ipdss_rpico.dir/home/valera/pico/pico-sdk/src/rp2_common/pico_bootrom/bootrom.c.obj
                0x0000000010003268                rom_funcs_lookup
 *fill*         0x000000001000329e        0x2 
 .text.__wrap___aeabi_idiv
                0x00000000100032a0       0x58 CMakeFiles/ipdss_rpico.dir/home/valera/pico/pico-sdk/src/rp2_common/pico_divider/divider.S.obj
                0x00000000100032a0                __wrap___aeabi_idivmod
                0x00000000100032a0                divmod_s32s32
                0x00000000100032a0                div_s32s32
                0x00000000100032a0                __wrap___aeabi_idiv
                0x00000000100032a8                divmod_s32s32_unsafe
                0x00000000100032d4                divmod_s32s32_savestate
 .text.__wrap___aeabi_uidiv
                0x00000000100032f8       0x54 CMakeFiles/ipdss_rpico.dir/home/valera/pico/pico-sdk/src/rp2_common/pico_divider/divider.S.obj
                0x00000000100032f8                __wrap___aeabi_uidiv
                0x00000000100032f8                __wrap___aeabi_uidivmod
                0x00000000100032f8                div_u32u32
                0x00000000100032f8                divmod_u32u32
                0x0000000010003300                divmod_u32u32_unsafe
                0x0000000010003328                divmod_u32u32_savestate
 .text.__wrap___aeabi_ldiv
                0x000000001000334c      0x430 CMakeFiles/ipdss_rpico.dir/home/valera/pico/pico-sdk/src/rp2_common/pico_divider/divider.S.obj
                0x000000001000334c                div_s64s64
                0x000000001000334c                divmod_s64s64
                0x000000001000334c                __wrap___aeabi_ldivmod
                0x0000000010003384                div_u64u64
                0x0000000010003384                divmod_u64u64
                0x0000000010003384                __wrap___aeabi_uldivmod
                0x0000000010003394                divmod_u64u64_savestate
                0x00000000100033bc                divmod_s64s64_unsafe
                0x0000000010003444                divmod_u64u64_unsafe
 .text.__wrap___aeabi_darithmetic
                0x000000001000377c       0x54 CMakeFiles/ipdss_rpico.dir/home/valera/pico/pico-sdk/src/rp2_common/pico_double/double_aeabi.S.obj
                0x000000001000377c                __wrap___aeabi_drsub
                0x0000000010003782                __wrap___aeabi_dsub
                0x0000000010003794                __wrap___aeabi_dadd
                0x00000000100037a6                __wrap___aeabi_ddiv
                0x00000000100037b8                __wrap___aeabi_dmul
 .text.__wrap___aeabi_cdcmple
                0x00000000100037d0       0x6c CMakeFiles/ipdss_rpico.dir/home/valera/pico/pico-sdk/src/rp2_common/pico_double/double_aeabi.S.obj
                0x00000000100037d0                __wrap___aeabi_cdrcmple
                0x00000000100037e0                __wrap___aeabi_cdcmple
                0x00000000100037e0                __wrap___aeabi_cdcmpeq
 .text.__wrap___aeabi_dcmplt
                0x000000001000383c        0xc CMakeFiles/ipdss_rpico.dir/home/valera/pico/pico-sdk/src/rp2_common/pico_double/double_aeabi.S.obj
                0x000000001000383c                __wrap___aeabi_dcmplt
 .text.__wrap___aeabi_dcmple
                0x0000000010003848       0x10 CMakeFiles/ipdss_rpico.dir/home/valera/pico/pico-sdk/src/rp2_common/pico_double/double_aeabi.S.obj
                0x0000000010003848                __wrap___aeabi_dcmple
 .text.__wrap___aeabi_dcmpge
                0x0000000010003858       0x10 CMakeFiles/ipdss_rpico.dir/home/valera/pico/pico-sdk/src/rp2_common/pico_double/double_aeabi.S.obj
                0x0000000010003858                __wrap___aeabi_dcmpge
 .text.__wrap___aeabi_dcmpgt
                0x0000000010003868        0xa CMakeFiles/ipdss_rpico.dir/home/valera/pico/pico-sdk/src/rp2_common/pico_double/double_aeabi.S.obj
                0x0000000010003868                __wrap___aeabi_dcmpgt
 .text.__wrap___aeabi_dcmpun
                0x0000000010003872       0x1c CMakeFiles/ipdss_rpico.dir/home/valera/pico/pico-sdk/src/rp2_common/pico_double/double_aeabi.S.obj
                0x0000000010003872                __wrap___aeabi_dcmpun
 *fill*         0x000000001000388e        0x2 
 .text.__wrap___aeabi_i2d
                0x0000000010003890       0x38 CMakeFiles/ipdss_rpico.dir/home/valera/pico/pico-sdk/src/rp2_common/pico_double/double_aeabi.S.obj
                0x0000000010003890                __wrap___aeabi_ui2d
                0x0000000010003898                __wrap___aeabi_i2d
 .text.__wrap___aeabi_d2iz
                0x00000000100038c8       0x48 CMakeFiles/ipdss_rpico.dir/home/valera/pico/pico-sdk/src/rp2_common/pico_double/double_aeabi.S.obj
                0x00000000100038c8                __wrap___aeabi_d2iz
                0x00000000100038c8                double2int_z
 .text.__wrap___aeabi_d2uiz
                0x0000000010003910       0x18 CMakeFiles/ipdss_rpico.dir/home/valera/pico/pico-sdk/src/rp2_common/pico_double/double_aeabi.S.obj
                0x0000000010003910                double2uint
                0x0000000010003910                __wrap___aeabi_d2uiz
 .text.__aeabi_double_init
                0x0000000010003928       0xb4 CMakeFiles/ipdss_rpico.dir/home/valera/pico/pico-sdk/src/rp2_common/pico_double/double_init_rom.c.obj
                0x0000000010003928                __aeabi_double_init
 .text.double_table_shim_on_use_helper
                0x00000000100039dc       0x34 CMakeFiles/ipdss_rpico.dir/home/valera/pico/pico-sdk/src/rp2_common/pico_double/double_v1_rom_shim.S.obj
                0x00000000100039dc                double_table_shim_on_use_helper
 .text.__wrap___aeabi_dsub
                0x0000000010003a10       0x10 CMakeFiles/ipdss_rpico.dir/home/valera/pico/pico-sdk/src/rp2_common/pico_double/double_v1_rom_shim.S.obj
                0x0000000010003a10                drsub_shim
                0x0000000010003a16                dsub_shim
 .text.dadd_shim
                0x0000000010003a20      0x15c CMakeFiles/ipdss_rpico.dir/home/valera/pico/pico-sdk/src/rp2_common/pico_double/double_v1_rom_shim.S.obj
                0x0000000010003a20                dadd_shim
 .text.dmul_shim
                0x0000000010003b7c      0x15c CMakeFiles/ipdss_rpico.dir/home/valera/pico/pico-sdk/src/rp2_common/pico_double/double_v1_rom_shim.S.obj
                0x0000000010003b7c                dmul_shim
 .text.ddiv_shim
                0x0000000010003cd8      0x1b0 CMakeFiles/ipdss_rpico.dir/home/valera/pico/pico-sdk/src/rp2_common/pico_double/double_v1_rom_shim.S.obj
                0x0000000010003cd8                ddiv_shim
 .text.dcordic_rot_step
                0x0000000010003e88       0x7c CMakeFiles/ipdss_rpico.dir/home/valera/pico/pico-sdk/src/rp2_common/pico_double/double_v1_rom_shim.S.obj
                0x0000000010003e88                dcordic_rot_step
 .text.double2uint_shim
                0x0000000010003f04        0xe CMakeFiles/ipdss_rpico.dir/home/valera/pico/pico-sdk/src/rp2_common/pico_double/double_v1_rom_shim.S.obj
                0x0000000010003f04                double2uint_shim
                0x0000000010003f06                double2ufix_shim
 *fill*         0x0000000010003f12        0x2 
 .text.double2uint64_shim
                0x0000000010003f14       0x6c CMakeFiles/ipdss_rpico.dir/home/valera/pico/pico-sdk/src/rp2_common/pico_double/double_v1_rom_shim.S.obj
                0x0000000010003f14                double2uint64_shim
                0x0000000010003f16                double2ufix64_shim
                0x0000000010003f30                d2fix_a
 .text.dunpacks
                0x0000000010003f80       0x3c CMakeFiles/ipdss_rpico.dir/home/valera/pico/pico-sdk/src/rp2_common/pico_double/double_v1_rom_shim.S.obj
                0x0000000010003f80                dunpacks
 .text.__aeabi_lmul
                0x0000000010003fbc       0x32 CMakeFiles/ipdss_rpico.dir/home/valera/pico/pico-sdk/src/rp2_common/pico_int64_ops/pico_int64_ops_aeabi.S.obj
                0x0000000010003fbc                __wrap___aeabi_lmul
 *fill*         0x0000000010003fee        0x2 
 .text.__aeabi_float_init
                0x0000000010003ff0       0xfc CMakeFiles/ipdss_rpico.dir/home/valera/pico/pico-sdk/src/rp2_common/pico_float/float_init_rom.c.obj
                0x0000000010003ff0                __aeabi_float_init
 .text.float_table_shim_on_use_helper
                0x00000000100040ec       0x34 CMakeFiles/ipdss_rpico.dir/home/valera/pico/pico-sdk/src/rp2_common/pico_float/float_v1_rom_shim.S.obj
                0x00000000100040ec                float_table_shim_on_use_helper
 .text          0x0000000010004120       0x10 CMakeFiles/ipdss_rpico.dir/home/valera/pico/pico-sdk/src/rp2_common/pico_mem_ops/mem_ops_aeabi.S.obj
                0x0000000010004120                __aeabi_mem_init
 .text.memset   0x0000000010004130        0xc CMakeFiles/ipdss_rpico.dir/home/valera/pico/pico-sdk/src/rp2_common/pico_mem_ops/mem_ops_aeabi.S.obj
                0x0000000010004130                __wrap_memset
 .text.memcpy   0x000000001000413c        0xc CMakeFiles/ipdss_rpico.dir/home/valera/pico/pico-sdk/src/rp2_common/pico_mem_ops/mem_ops_aeabi.S.obj
                0x000000001000413c                __wrap___aeabi_memcpy
                0x000000001000413c                __wrap_memcpy
 .text.stdio_out_chars_crlf
                0x0000000010004148       0x80 CMakeFiles/ipdss_rpico.dir/home/valera/pico/pico-sdk/src/rp2_common/pico_stdio/stdio.c.obj
 .text.stdio_stack_buffer_flush
                0x00000000100041c8       0x44 CMakeFiles/ipdss_rpico.dir/home/valera/pico/pico-sdk/src/rp2_common/pico_stdio/stdio.c.obj
 .text.stdio_buffered_printer
                0x000000001000420c       0x20 CMakeFiles/ipdss_rpico.dir/home/valera/pico/pico-sdk/src/rp2_common/pico_stdio/stdio.c.obj
 .text.stdout_serialize_begin
                0x000000001000422c       0x2c CMakeFiles/ipdss_rpico.dir/home/valera/pico/pico-sdk/src/rp2_common/pico_stdio/stdio.c.obj
                0x000000001000422c                stdout_serialize_begin
 .text.stdout_serialize_end
                0x0000000010004258       0x10 CMakeFiles/ipdss_rpico.dir/home/valera/pico/pico-sdk/src/rp2_common/pico_stdio/stdio.c.obj
                0x0000000010004258                stdout_serialize_end
 .text.stdio_put_string
                0x0000000010004268       0x84 CMakeFiles/ipdss_rpico.dir/home/valera/pico/pico-sdk/src/rp2_common/pico_stdio/stdio.c.obj
 .text.stdio_set_driver_enabled
                0x00000000100042ec       0x38 CMakeFiles/ipdss_rpico.dir/home/valera/pico/pico-sdk/src/rp2_common/pico_stdio/stdio.c.obj
                0x00000000100042ec                stdio_set_driver_enabled
 .text.stdio_flush
                0x0000000010004324       0x20 CMakeFiles/ipdss_rpico.dir/home/valera/pico/pico-sdk/src/rp2_common/pico_stdio/stdio.c.obj
                0x0000000010004324                stdio_flush
 .text.__wrap_puts
                0x0000000010004344       0x1c CMakeFiles/ipdss_rpico.dir/home/valera/pico/pico-sdk/src/rp2_common/pico_stdio/stdio.c.obj
                0x0000000010004344                __wrap_puts
 .text.__wrap_vprintf
                0x0000000010004360       0x44 CMakeFiles/ipdss_rpico.dir/home/valera/pico/pico-sdk/src/rp2_common/pico_stdio/stdio.c.obj
                0x0000000010004360                __wrap_vprintf
 .text.__wrap_printf
                0x00000000100043a4       0x18 CMakeFiles/ipdss_rpico.dir/home/valera/pico/pico-sdk/src/rp2_common/pico_stdio/stdio.c.obj
                0x00000000100043a4                __wrap_printf
 .text.stdio_init_all
                0x00000000100043bc        0xc CMakeFiles/ipdss_rpico.dir/home/valera/pico/pico-sdk/src/rp2_common/pico_stdio/stdio.c.obj
                0x00000000100043bc                stdio_init_all
 .text.stdio_uart_out_chars
                0x00000000100043c8       0x74 CMakeFiles/ipdss_rpico.dir/home/valera/pico/pico-sdk/src/rp2_common/pico_stdio_uart/stdio_uart.c.obj
 .text.stdio_uart_in_chars
                0x000000001000443c       0x54 CMakeFiles/ipdss_rpico.dir/home/valera/pico/pico-sdk/src/rp2_common/pico_stdio_uart/stdio_uart.c.obj
                0x000000001000443c                stdio_uart_in_chars
 .text.stdio_uart_init_full
                0x0000000010004490       0x3c CMakeFiles/ipdss_rpico.dir/home/valera/pico/pico-sdk/src/rp2_common/pico_stdio_uart/stdio_uart.c.obj
                0x0000000010004490                stdio_uart_init_full
 .text.stdio_uart_init
                0x00000000100044cc       0x28 CMakeFiles/ipdss_rpico.dir/home/valera/pico/pico-sdk/src/rp2_common/pico_stdio_uart/stdio_uart.c.obj
                0x00000000100044cc                stdio_uart_init
 .text.resetd_init
                0x00000000100044f4        0x2 CMakeFiles/ipdss_rpico.dir/home/valera/pico/pico-sdk/src/rp2_common/pico_stdio_usb/reset_interface.c.obj
 *fill*         0x00000000100044f6        0x2 
 .text.resetd_reset
                0x00000000100044f8        0xc CMakeFiles/ipdss_rpico.dir/home/valera/pico/pico-sdk/src/rp2_common/pico_stdio_usb/reset_interface.c.obj
 .text.resetd_open
                0x0000000010004504       0x34 CMakeFiles/ipdss_rpico.dir/home/valera/pico/pico-sdk/src/rp2_common/pico_stdio_usb/reset_interface.c.obj
 .text.resetd_control_complete_cb
                0x0000000010004538        0x4 CMakeFiles/ipdss_rpico.dir/home/valera/pico/pico-sdk/src/rp2_common/pico_stdio_usb/reset_interface.c.obj
 .text.resetd_xfer_cb
                0x000000001000453c        0x4 CMakeFiles/ipdss_rpico.dir/home/valera/pico/pico-sdk/src/rp2_common/pico_stdio_usb/reset_interface.c.obj
 .text.resetd_control_request_cb
                0x0000000010004540       0x64 CMakeFiles/ipdss_rpico.dir/home/valera/pico/pico-sdk/src/rp2_common/pico_stdio_usb/reset_interface.c.obj
 .text.usbd_app_driver_get_cb
                0x00000000100045a4        0xc CMakeFiles/ipdss_rpico.dir/home/valera/pico/pico-sdk/src/rp2_common/pico_stdio_usb/reset_interface.c.obj
                0x00000000100045a4                usbd_app_driver_get_cb
 .text.tud_cdc_line_coding_cb
                0x00000000100045b0       0x34 CMakeFiles/ipdss_rpico.dir/home/valera/pico/pico-sdk/src/rp2_common/pico_stdio_usb/reset_interface.c.obj
                0x00000000100045b0                tud_cdc_line_coding_cb
 .text.stdio_usb_in_chars
                0x00000000100045e4       0x70 CMakeFiles/ipdss_rpico.dir/home/valera/pico/pico-sdk/src/rp2_common/pico_stdio_usb/stdio_usb.c.obj
                0x00000000100045e4                stdio_usb_in_chars
 .text.low_priority_worker_irq
                0x0000000010004654       0x20 CMakeFiles/ipdss_rpico.dir/home/valera/pico/pico-sdk/src/rp2_common/pico_stdio_usb/stdio_usb.c.obj
 .text.stdio_usb_out_chars
                0x0000000010004674       0xd4 CMakeFiles/ipdss_rpico.dir/home/valera/pico/pico-sdk/src/rp2_common/pico_stdio_usb/stdio_usb.c.obj
 .text.timer_task
                0x0000000010004748       0x10 CMakeFiles/ipdss_rpico.dir/home/valera/pico/pico-sdk/src/rp2_common/pico_stdio_usb/stdio_usb.c.obj
 .text.stdio_usb_init
                0x0000000010004758       0xb8 CMakeFiles/ipdss_rpico.dir/home/valera/pico/pico-sdk/src/rp2_common/pico_stdio_usb/stdio_usb.c.obj
                0x0000000010004758                stdio_usb_init
 .text.tud_descriptor_device_cb
                0x0000000010004810        0x8 CMakeFiles/ipdss_rpico.dir/home/valera/pico/pico-sdk/src/rp2_common/pico_stdio_usb/stdio_usb_descriptors.c.obj
                0x0000000010004810                tud_descriptor_device_cb
 .text.tud_descriptor_configuration_cb
                0x0000000010004818        0x8 CMakeFiles/ipdss_rpico.dir/home/valera/pico/pico-sdk/src/rp2_common/pico_stdio_usb/stdio_usb_descriptors.c.obj
                0x0000000010004818                tud_descriptor_configuration_cb
 .text.tud_descriptor_string_cb
                0x0000000010004820       0x50 CMakeFiles/ipdss_rpico.dir/home/valera/pico/pico-sdk/src/rp2_common/pico_stdio_usb/stdio_usb_descriptors.c.obj
                0x0000000010004820                tud_descriptor_string_cb
 .text.hw_endpoint_get_by_addr
                0x0000000010004870       0x1c CMakeFiles/ipdss_rpico.dir/home/valera/pico/pico-sdk/lib/tinyusb/src/portable/raspberrypi/rp2040/dcd_rp2040.c.obj
 .text.reset_ep0
                0x000000001000488c       0x2c CMakeFiles/ipdss_rpico.dir/home/valera/pico/pico-sdk/lib/tinyusb/src/portable/raspberrypi/rp2040/dcd_rp2040.c.obj
 .text._hw_endpoint_alloc
                0x00000000100048b8       0x7c CMakeFiles/ipdss_rpico.dir/home/valera/pico/pico-sdk/lib/tinyusb/src/portable/raspberrypi/rp2040/dcd_rp2040.c.obj
 .text._hw_endpoint_init
                0x0000000010004934       0xbc CMakeFiles/ipdss_rpico.dir/home/valera/pico/pico-sdk/lib/tinyusb/src/portable/raspberrypi/rp2040/dcd_rp2040.c.obj
 .text.hw_endpoint_init
                0x00000000100049f0       0x18 CMakeFiles/ipdss_rpico.dir/home/valera/pico/pico-sdk/lib/tinyusb/src/portable/raspberrypi/rp2040/dcd_rp2040.c.obj
 .text.hw_handle_buff_status
                0x0000000010004a08       0xbc CMakeFiles/ipdss_rpico.dir/home/valera/pico/pico-sdk/lib/tinyusb/src/portable/raspberrypi/rp2040/dcd_rp2040.c.obj
 .text.dcd_rp2040_irq
                0x0000000010004ac4       0x8c CMakeFiles/ipdss_rpico.dir/home/valera/pico/pico-sdk/lib/tinyusb/src/portable/raspberrypi/rp2040/dcd_rp2040.c.obj
 .text.hw_endpoint_xfer
                0x0000000010004b50       0x18 CMakeFiles/ipdss_rpico.dir/home/valera/pico/pico-sdk/lib/tinyusb/src/portable/raspberrypi/rp2040/dcd_rp2040.c.obj
 .text.ep0_0len_status
                0x0000000010004b68       0x14 CMakeFiles/ipdss_rpico.dir/home/valera/pico/pico-sdk/lib/tinyusb/src/portable/raspberrypi/rp2040/dcd_rp2040.c.obj
 .text._hw_endpoint_stall
                0x0000000010004b7c       0x54 CMakeFiles/ipdss_rpico.dir/home/valera/pico/pico-sdk/lib/tinyusb/src/portable/raspberrypi/rp2040/dcd_rp2040.c.obj
 .text.hw_endpoint_stall
                0x0000000010004bd0        0xc CMakeFiles/ipdss_rpico.dir/home/valera/pico/pico-sdk/lib/tinyusb/src/portable/raspberrypi/rp2040/dcd_rp2040.c.obj
 .text._hw_endpoint_clear_stall
                0x0000000010004bdc       0x34 CMakeFiles/ipdss_rpico.dir/home/valera/pico/pico-sdk/lib/tinyusb/src/portable/raspberrypi/rp2040/dcd_rp2040.c.obj
 .text.hw_endpoint_clear_stall
                0x0000000010004c10        0xc CMakeFiles/ipdss_rpico.dir/home/valera/pico/pico-sdk/lib/tinyusb/src/portable/raspberrypi/rp2040/dcd_rp2040.c.obj
 .text.dcd_int_enable
                0x0000000010004c1c       0x2c CMakeFiles/ipdss_rpico.dir/home/valera/pico/pico-sdk/lib/tinyusb/src/portable/raspberrypi/rp2040/dcd_rp2040.c.obj
                0x0000000010004c1c                dcd_int_enable
 .text.dcd_set_address
                0x0000000010004c48       0x30 CMakeFiles/ipdss_rpico.dir/home/valera/pico/pico-sdk/lib/tinyusb/src/portable/raspberrypi/rp2040/dcd_rp2040.c.obj
                0x0000000010004c48                dcd_set_address
 .text.dcd_connect
                0x0000000010004c78       0x30 CMakeFiles/ipdss_rpico.dir/home/valera/pico/pico-sdk/lib/tinyusb/src/portable/raspberrypi/rp2040/dcd_rp2040.c.obj
                0x0000000010004c78                dcd_connect
 .text.dcd_init
                0x0000000010004ca8       0x90 CMakeFiles/ipdss_rpico.dir/home/valera/pico/pico-sdk/lib/tinyusb/src/portable/raspberrypi/rp2040/dcd_rp2040.c.obj
                0x0000000010004ca8                dcd_init
 .text.dcd_edpt0_status_complete
                0x0000000010004d38       0x44 CMakeFiles/ipdss_rpico.dir/home/valera/pico/pico-sdk/lib/tinyusb/src/portable/raspberrypi/rp2040/dcd_rp2040.c.obj
                0x0000000010004d38                dcd_edpt0_status_complete
 .text.dcd_edpt_open
                0x0000000010004d7c       0x40 CMakeFiles/ipdss_rpico.dir/home/valera/pico/pico-sdk/lib/tinyusb/src/portable/raspberrypi/rp2040/dcd_rp2040.c.obj
                0x0000000010004d7c                dcd_edpt_open
 .text.dcd_edpt_xfer
                0x0000000010004dbc       0x34 CMakeFiles/ipdss_rpico.dir/home/valera/pico/pico-sdk/lib/tinyusb/src/portable/raspberrypi/rp2040/dcd_rp2040.c.obj
                0x0000000010004dbc                dcd_edpt_xfer
 .text.dcd_edpt_stall
                0x0000000010004df0       0x28 CMakeFiles/ipdss_rpico.dir/home/valera/pico/pico-sdk/lib/tinyusb/src/portable/raspberrypi/rp2040/dcd_rp2040.c.obj
                0x0000000010004df0                dcd_edpt_stall
 .text.dcd_edpt_clear_stall
                0x0000000010004e18       0x28 CMakeFiles/ipdss_rpico.dir/home/valera/pico/pico-sdk/lib/tinyusb/src/portable/raspberrypi/rp2040/dcd_rp2040.c.obj
                0x0000000010004e18                dcd_edpt_clear_stall
 .text.rp2040_usb_init
                0x0000000010004e40       0x50 CMakeFiles/ipdss_rpico.dir/home/valera/pico/pico-sdk/lib/tinyusb/src/portable/raspberrypi/rp2040/rp2040_usb.c.obj
                0x0000000010004e40                rp2040_usb_init
 .text.hw_endpoint_reset_transfer
                0x0000000010004e90       0x14 CMakeFiles/ipdss_rpico.dir/home/valera/pico/pico-sdk/lib/tinyusb/src/portable/raspberrypi/rp2040/rp2040_usb.c.obj
                0x0000000010004e90                hw_endpoint_reset_transfer
 .text._hw_endpoint_buffer_control_update32
                0x0000000010004ea4       0x54 CMakeFiles/ipdss_rpico.dir/home/valera/pico/pico-sdk/lib/tinyusb/src/portable/raspberrypi/rp2040/rp2040_usb.c.obj
                0x0000000010004ea4                _hw_endpoint_buffer_control_update32
 .text._hw_endpoint_start_next_buffer
                0x0000000010004ef8       0x5a CMakeFiles/ipdss_rpico.dir/home/valera/pico/pico-sdk/lib/tinyusb/src/portable/raspberrypi/rp2040/rp2040_usb.c.obj
                0x0000000010004ef8                _hw_endpoint_start_next_buffer
 .text._hw_endpoint_xfer_start
                0x0000000010004f52       0x46 CMakeFiles/ipdss_rpico.dir/home/valera/pico/pico-sdk/lib/tinyusb/src/portable/raspberrypi/rp2040/rp2040_usb.c.obj
                0x0000000010004f52                _hw_endpoint_xfer_start
 .text._hw_endpoint_xfer_sync
                0x0000000010004f98       0x74 CMakeFiles/ipdss_rpico.dir/home/valera/pico/pico-sdk/lib/tinyusb/src/portable/raspberrypi/rp2040/rp2040_usb.c.obj
                0x0000000010004f98                _hw_endpoint_xfer_sync
 .text._hw_endpoint_xfer_continue
                0x000000001000500c       0x58 CMakeFiles/ipdss_rpico.dir/home/valera/pico/pico-sdk/lib/tinyusb/src/portable/raspberrypi/rp2040/rp2040_usb.c.obj
                0x000000001000500c                _hw_endpoint_xfer_continue
 .text._hw_endpoint_xfer
                0x0000000010005064       0x34 CMakeFiles/ipdss_rpico.dir/home/valera/pico/pico-sdk/lib/tinyusb/src/portable/raspberrypi/rp2040/rp2040_usb.c.obj
                0x0000000010005064                _hw_endpoint_xfer
 .text.mark_interface_endpoint
                0x0000000010005098       0x2a CMakeFiles/ipdss_rpico.dir/home/valera/pico/pico-sdk/lib/tinyusb/src/device/usbd.c.obj
 *fill*         0x00000000100050c2        0x2 
 .text.usbd_reset
                0x00000000100050c4       0x88 CMakeFiles/ipdss_rpico.dir/home/valera/pico/pico-sdk/lib/tinyusb/src/device/usbd.c.obj
 .text.invoke_class_control
                0x000000001000514c       0x18 CMakeFiles/ipdss_rpico.dir/home/valera/pico/pico-sdk/lib/tinyusb/src/device/usbd.c.obj
 .text.process_set_config
                0x0000000010005164      0x1cc CMakeFiles/ipdss_rpico.dir/home/valera/pico/pico-sdk/lib/tinyusb/src/device/usbd.c.obj
 .text.process_get_descriptor
                0x0000000010005330       0xf4 CMakeFiles/ipdss_rpico.dir/home/valera/pico/pico-sdk/lib/tinyusb/src/device/usbd.c.obj
 .text.tud_mounted
                0x0000000010005424       0x10 CMakeFiles/ipdss_rpico.dir/home/valera/pico/pico-sdk/lib/tinyusb/src/device/usbd.c.obj
                0x0000000010005424                tud_mounted
 .text.tud_suspended
                0x0000000010005434       0x10 CMakeFiles/ipdss_rpico.dir/home/valera/pico/pico-sdk/lib/tinyusb/src/device/usbd.c.obj
                0x0000000010005434                tud_suspended
 .text.tud_init
                0x0000000010005444       0xb8 CMakeFiles/ipdss_rpico.dir/home/valera/pico/pico-sdk/lib/tinyusb/src/device/usbd.c.obj
                0x0000000010005444                tud_init
 .text.dcd_event_handler
                0x00000000100054fc      0x1c4 CMakeFiles/ipdss_rpico.dir/home/valera/pico/pico-sdk/lib/tinyusb/src/device/usbd.c.obj
                0x00000000100054fc                dcd_event_handler
 .text.dcd_event_bus_signal
                0x00000000100056c0       0x26 CMakeFiles/ipdss_rpico.dir/home/valera/pico/pico-sdk/lib/tinyusb/src/device/usbd.c.obj
                0x00000000100056c0                dcd_event_bus_signal
 .text.dcd_event_setup_received
                0x00000000100056e6       0x34 CMakeFiles/ipdss_rpico.dir/home/valera/pico/pico-sdk/lib/tinyusb/src/device/usbd.c.obj
                0x00000000100056e6                dcd_event_setup_received
 .text.dcd_event_xfer_complete
                0x000000001000571a       0x44 CMakeFiles/ipdss_rpico.dir/home/valera/pico/pico-sdk/lib/tinyusb/src/device/usbd.c.obj
                0x000000001000571a                dcd_event_xfer_complete
 .text.usbd_edpt_open
                0x000000001000575e        0x8 CMakeFiles/ipdss_rpico.dir/home/valera/pico/pico-sdk/lib/tinyusb/src/device/usbd.c.obj
                0x000000001000575e                usbd_edpt_open
 *fill*         0x0000000010005766        0x2 
 .text.usbd_open_edpt_pair
                0x0000000010005768       0x8c CMakeFiles/ipdss_rpico.dir/home/valera/pico/pico-sdk/lib/tinyusb/src/device/usbd.c.obj
                0x0000000010005768                usbd_open_edpt_pair
 .text.usbd_edpt_claim
                0x00000000100057f4       0x8c CMakeFiles/ipdss_rpico.dir/home/valera/pico/pico-sdk/lib/tinyusb/src/device/usbd.c.obj
                0x00000000100057f4                usbd_edpt_claim
 .text.usbd_edpt_release
                0x0000000010005880       0x68 CMakeFiles/ipdss_rpico.dir/home/valera/pico/pico-sdk/lib/tinyusb/src/device/usbd.c.obj
                0x0000000010005880                usbd_edpt_release
 .text.usbd_edpt_xfer
                0x00000000100058e8       0x80 CMakeFiles/ipdss_rpico.dir/home/valera/pico/pico-sdk/lib/tinyusb/src/device/usbd.c.obj
                0x00000000100058e8                usbd_edpt_xfer
 .text.usbd_edpt_stall
                0x0000000010005968       0x2c CMakeFiles/ipdss_rpico.dir/home/valera/pico/pico-sdk/lib/tinyusb/src/device/usbd.c.obj
                0x0000000010005968                usbd_edpt_stall
 .text.usbd_edpt_clear_stall
                0x0000000010005994       0x2c CMakeFiles/ipdss_rpico.dir/home/valera/pico/pico-sdk/lib/tinyusb/src/device/usbd.c.obj
                0x0000000010005994                usbd_edpt_clear_stall
 .text.usbd_edpt_stalled
                0x00000000100059c0       0x1c CMakeFiles/ipdss_rpico.dir/home/valera/pico/pico-sdk/lib/tinyusb/src/device/usbd.c.obj
                0x00000000100059c0                usbd_edpt_stalled
 .text.process_control_request
                0x00000000100059dc      0x37c CMakeFiles/ipdss_rpico.dir/home/valera/pico/pico-sdk/lib/tinyusb/src/device/usbd.c.obj
 .text.tud_task
                0x0000000010005d58      0x204 CMakeFiles/ipdss_rpico.dir/home/valera/pico/pico-sdk/lib/tinyusb/src/device/usbd.c.obj
                0x0000000010005d58                tud_task
 .text._data_stage_xact
                0x0000000010005f5c       0x58 CMakeFiles/ipdss_rpico.dir/home/valera/pico/pico-sdk/lib/tinyusb/src/device/usbd_control.c.obj
 .text.tud_control_status
                0x0000000010005fb4       0x38 CMakeFiles/ipdss_rpico.dir/home/valera/pico/pico-sdk/lib/tinyusb/src/device/usbd_control.c.obj
                0x0000000010005fb4                tud_control_status
 .text.tud_control_xfer
                0x0000000010005fec       0xa8 CMakeFiles/ipdss_rpico.dir/home/valera/pico/pico-sdk/lib/tinyusb/src/device/usbd_control.c.obj
                0x0000000010005fec                tud_control_xfer
 .text.usbd_control_reset
                0x0000000010006094       0x14 CMakeFiles/ipdss_rpico.dir/home/valera/pico/pico-sdk/lib/tinyusb/src/device/usbd_control.c.obj
                0x0000000010006094                usbd_control_reset
 .text.usbd_control_set_complete_callback
                0x00000000100060a8        0xc CMakeFiles/ipdss_rpico.dir/home/valera/pico/pico-sdk/lib/tinyusb/src/device/usbd_control.c.obj
                0x00000000100060a8                usbd_control_set_complete_callback
 .text.usbd_control_set_request
                0x00000000100060b4       0x1c CMakeFiles/ipdss_rpico.dir/home/valera/pico/pico-sdk/lib/tinyusb/src/device/usbd_control.c.obj
                0x00000000100060b4                usbd_control_set_request
 .text.usbd_control_xfer_cb
                0x00000000100060d0       0xe8 CMakeFiles/ipdss_rpico.dir/home/valera/pico/pico-sdk/lib/tinyusb/src/device/usbd_control.c.obj
                0x00000000100060d0                usbd_control_xfer_cb
 .text._prep_out_transaction
                0x00000000100061b8       0x46 CMakeFiles/ipdss_rpico.dir/home/valera/pico/pico-sdk/lib/tinyusb/src/class/cdc/cdc_device.c.obj
 *fill*         0x00000000100061fe        0x2 
 .text.tud_cdc_n_connected
                0x0000000010006200       0x48 CMakeFiles/ipdss_rpico.dir/home/valera/pico/pico-sdk/lib/tinyusb/src/class/cdc/cdc_device.c.obj
                0x0000000010006200                tud_cdc_n_connected
 .text.tud_cdc_n_available
                0x0000000010006248       0x20 CMakeFiles/ipdss_rpico.dir/home/valera/pico/pico-sdk/lib/tinyusb/src/class/cdc/cdc_device.c.obj
                0x0000000010006248                tud_cdc_n_available
 .text.tud_cdc_n_read
                0x0000000010006268       0x30 CMakeFiles/ipdss_rpico.dir/home/valera/pico/pico-sdk/lib/tinyusb/src/class/cdc/cdc_device.c.obj
                0x0000000010006268                tud_cdc_n_read
 .text.tud_cdc_n_write_flush
                0x0000000010006298       0xc4 CMakeFiles/ipdss_rpico.dir/home/valera/pico/pico-sdk/lib/tinyusb/src/class/cdc/cdc_device.c.obj
                0x0000000010006298                tud_cdc_n_write_flush
 .text.tud_cdc_n_write
                0x000000001000635c       0x38 CMakeFiles/ipdss_rpico.dir/home/valera/pico/pico-sdk/lib/tinyusb/src/class/cdc/cdc_device.c.obj
                0x000000001000635c                tud_cdc_n_write
 .text.tud_cdc_n_write_available
                0x0000000010006394       0x20 CMakeFiles/ipdss_rpico.dir/home/valera/pico/pico-sdk/lib/tinyusb/src/class/cdc/cdc_device.c.obj
                0x0000000010006394                tud_cdc_n_write_available
 .text.cdcd_init
                0x00000000100063b4       0xe0 CMakeFiles/ipdss_rpico.dir/home/valera/pico/pico-sdk/lib/tinyusb/src/class/cdc/cdc_device.c.obj
                0x00000000100063b4                cdcd_init
 .text.cdcd_reset
                0x0000000010006494       0x44 CMakeFiles/ipdss_rpico.dir/home/valera/pico/pico-sdk/lib/tinyusb/src/class/cdc/cdc_device.c.obj
                0x0000000010006494                cdcd_reset
 .text.cdcd_open
                0x00000000100064d8      0x118 CMakeFiles/ipdss_rpico.dir/home/valera/pico/pico-sdk/lib/tinyusb/src/class/cdc/cdc_device.c.obj
                0x00000000100064d8                cdcd_open
 .text.cdcd_control_complete
                0x00000000100065f0       0x60 CMakeFiles/ipdss_rpico.dir/home/valera/pico/pico-sdk/lib/tinyusb/src/class/cdc/cdc_device.c.obj
                0x00000000100065f0                cdcd_control_complete
 .text.cdcd_control_request
                0x0000000010006650       0x9c CMakeFiles/ipdss_rpico.dir/home/valera/pico/pico-sdk/lib/tinyusb/src/class/cdc/cdc_device.c.obj
                0x0000000010006650                cdcd_control_request
 .text.cdcd_xfer_cb
                0x00000000100066ec      0x130 CMakeFiles/ipdss_rpico.dir/home/valera/pico/pico-sdk/lib/tinyusb/src/class/cdc/cdc_device.c.obj
                0x00000000100066ec                cdcd_xfer_cb
 .text.tusb_init
                0x000000001000681c       0x38 CMakeFiles/ipdss_rpico.dir/home/valera/pico/pico-sdk/lib/tinyusb/src/tusb.c.obj
                0x000000001000681c                tusb_init
 .text.tusb_inited
                0x0000000010006854        0xc CMakeFiles/ipdss_rpico.dir/home/valera/pico/pico-sdk/lib/tinyusb/src/tusb.c.obj
                0x0000000010006854                tusb_inited
 .text.advance_pointer
                0x0000000010006860       0x1e CMakeFiles/ipdss_rpico.dir/home/valera/pico/pico-sdk/lib/tinyusb/src/common/tusb_fifo.c.obj
 .text.backward_pointer
                0x000000001000687e       0x1a CMakeFiles/ipdss_rpico.dir/home/valera/pico/pico-sdk/lib/tinyusb/src/common/tusb_fifo.c.obj
 .text.get_relative_pointer
                0x0000000010006898       0x16 CMakeFiles/ipdss_rpico.dir/home/valera/pico/pico-sdk/lib/tinyusb/src/common/tusb_fifo.c.obj
 .text.tu_fifo_lock
                0x00000000100068ae       0x12 CMakeFiles/ipdss_rpico.dir/home/valera/pico/pico-sdk/lib/tinyusb/src/common/tusb_fifo.c.obj
 .text.tu_fifo_unlock
                0x00000000100068c0        0xe CMakeFiles/ipdss_rpico.dir/home/valera/pico/pico-sdk/lib/tinyusb/src/common/tusb_fifo.c.obj
 .text._tu_fifo_peek_at
                0x00000000100068ce       0x66 CMakeFiles/ipdss_rpico.dir/home/valera/pico/pico-sdk/lib/tinyusb/src/common/tusb_fifo.c.obj
 .text._ff_pull_n
                0x0000000010006934       0x4a CMakeFiles/ipdss_rpico.dir/home/valera/pico/pico-sdk/lib/tinyusb/src/common/tusb_fifo.c.obj
 .text._tu_fifo_peek_at_n
                0x000000001000697e       0x72 CMakeFiles/ipdss_rpico.dir/home/valera/pico/pico-sdk/lib/tinyusb/src/common/tusb_fifo.c.obj
 .text._ff_push_n
                0x00000000100069f0       0x4a CMakeFiles/ipdss_rpico.dir/home/valera/pico/pico-sdk/lib/tinyusb/src/common/tusb_fifo.c.obj
 .text.tu_fifo_config
                0x0000000010006a3a       0x48 CMakeFiles/ipdss_rpico.dir/home/valera/pico/pico-sdk/lib/tinyusb/src/common/tusb_fifo.c.obj
                0x0000000010006a3a                tu_fifo_config
 .text.tu_fifo_count
                0x0000000010006a82       0x1c CMakeFiles/ipdss_rpico.dir/home/valera/pico/pico-sdk/lib/tinyusb/src/common/tusb_fifo.c.obj
                0x0000000010006a82                tu_fifo_count
 .text.tu_fifo_remaining
                0x0000000010006a9e       0x20 CMakeFiles/ipdss_rpico.dir/home/valera/pico/pico-sdk/lib/tinyusb/src/common/tusb_fifo.c.obj
                0x0000000010006a9e                tu_fifo_remaining
 .text.tu_fifo_read
                0x0000000010006abe       0x3a CMakeFiles/ipdss_rpico.dir/home/valera/pico/pico-sdk/lib/tinyusb/src/common/tusb_fifo.c.obj
                0x0000000010006abe                tu_fifo_read
 .text.tu_fifo_read_n
                0x0000000010006af8       0x3e CMakeFiles/ipdss_rpico.dir/home/valera/pico/pico-sdk/lib/tinyusb/src/common/tusb_fifo.c.obj
                0x0000000010006af8                tu_fifo_read_n
 .text.tu_fifo_write
                0x0000000010006b36       0x5c CMakeFiles/ipdss_rpico.dir/home/valera/pico/pico-sdk/lib/tinyusb/src/common/tusb_fifo.c.obj
                0x0000000010006b36                tu_fifo_write
 .text.tu_fifo_write_n
                0x0000000010006b92       0x7c CMakeFiles/ipdss_rpico.dir/home/valera/pico/pico-sdk/lib/tinyusb/src/common/tusb_fifo.c.obj
                0x0000000010006b92                tu_fifo_write_n
 .text.tu_fifo_clear
                0x0000000010006c0e       0x18 CMakeFiles/ipdss_rpico.dir/home/valera/pico/pico-sdk/lib/tinyusb/src/common/tusb_fifo.c.obj
                0x0000000010006c0e                tu_fifo_clear
 *fill*         0x0000000010006c26        0x2 
 .text          0x0000000010006c28       0x68 /usr/lib/gcc/arm-none-eabi/9.2.1/../../../arm-none-eabi/lib/thumb/v6-m/nofp/libg.a(lib_a-strlen-stub.o)
                0x0000000010006c28                strlen
 *(.fini)
 .fini          0x0000000010006c90        0x4 /usr/lib/gcc/arm-none-eabi/9.2.1/thumb/v6-m/nofp/crti.o
                0x0000000010006c90                _fini
 *fill*         0x0000000010006c94        0x4 
 .fini.__stub   0x0000000010006c98       0x60 linker stubs
 *crtbegin.o(.ctors)
 *crtbegin?.o(.ctors)
 *(EXCLUDE_FILE(*crtend.o *crtend?.o) .ctors)
 *(SORT_BY_NAME(.ctors.*))
 *(.ctors)
 *crtbegin.o(.dtors)
 *crtbegin?.o(.dtors)
 *(EXCLUDE_FILE(*crtend.o *crtend?.o) .dtors)
 *(SORT_BY_NAME(.dtors.*))
 *(.dtors)
 *(.eh_frame*)
 .eh_frame      0x0000000010006cf8        0x0 /usr/lib/gcc/arm-none-eabi/9.2.1/thumb/v6-m/nofp/crtbegin.o
                0x0000000010006cf8                . = ALIGN (0x4)

.glue_7         0x0000000010006cf8        0x0
 .glue_7        0x0000000010006cf8        0x0 linker stubs

.glue_7t        0x0000000010006cf8        0x0
 .glue_7t       0x0000000010006cf8        0x0 linker stubs

.vfp11_veneer   0x0000000010006cf8        0x0
 .vfp11_veneer  0x0000000010006cf8        0x0 linker stubs

.v4_bx          0x0000000010006cf8        0x0
 .v4_bx         0x0000000010006cf8        0x0 linker stubs

.iplt           0x0000000010006cf8        0x0
 .iplt          0x0000000010006cf8        0x0 /usr/lib/gcc/arm-none-eabi/9.2.1/thumb/v6-m/nofp/crtbegin.o

.rodata         0x0000000010006cf8     0x14a4
 *(EXCLUDE_FILE(*libm.a: *libc.a:*lib_a-mem*.o *libgcc.a:) .rodata*)
 .rodata.main.str1.4
                0x0000000010006cf8        0xe CMakeFiles/ipdss_rpico.dir/main.c.obj
 *fill*         0x0000000010006d06        0x2 
 .rodata.spin_lock_claim_unused.str1.4
                0x0000000010006d08       0x1b CMakeFiles/ipdss_rpico.dir/home/valera/pico/pico-sdk/src/rp2_common/hardware_sync/sync.c.obj
 *fill*         0x0000000010006d23        0x1 
 .rodata.repeating_timer_callback.str1.4
                0x0000000010006d24       0x4b CMakeFiles/ipdss_rpico.dir/home/valera/pico/pico-sdk/src/common/pico_time/time.c.obj
 *fill*         0x0000000010006d6f        0x1 
 .rodata.alarm_pool_dump_key.str1.4
                0x0000000010006d70       0x33 CMakeFiles/ipdss_rpico.dir/home/valera/pico/pico-sdk/src/common/pico_time/time.c.obj
 *fill*         0x0000000010006da3        0x1 
 .rodata.ph_add_child_node.str1.4
                0x0000000010006da4       0x96 CMakeFiles/ipdss_rpico.dir/home/valera/pico/pico-sdk/src/common/pico_time/time.c.obj
 *fill*         0x0000000010006e3a        0x2 
 .rodata.add_alarm_under_lock.str1.4
                0x0000000010006e3c       0x28 CMakeFiles/ipdss_rpico.dir/home/valera/pico/pico-sdk/src/common/pico_time/time.c.obj
                                         0x2b (size before relaxing)
 .rodata.alarm_pool_alarm_callback.str1.4
                0x0000000010006e64       0xe6 CMakeFiles/ipdss_rpico.dir/home/valera/pico/pico-sdk/src/common/pico_time/time.c.obj
 *fill*         0x0000000010006f4a        0x2 
 .rodata.alarm_pool_get_default.str1.4
                0x0000000010006f4c       0x21 CMakeFiles/ipdss_rpico.dir/home/valera/pico/pico-sdk/src/common/pico_time/time.c.obj
 *fill*         0x0000000010006f6d        0x3 
 .rodata.alarm_pool_cancel_alarm.str1.4
                0x0000000010006f70       0x27 CMakeFiles/ipdss_rpico.dir/home/valera/pico/pico-sdk/src/common/pico_time/time.c.obj
 *fill*         0x0000000010006f97        0x1 
 .rodata.sleep_until.str1.4
                0x0000000010006f98       0x4d CMakeFiles/ipdss_rpico.dir/home/valera/pico/pico-sdk/src/common/pico_time/time.c.obj
 *fill*         0x0000000010006fe5        0x3 
 .rodata.__func__.5635
                0x0000000010006fe8       0x15 CMakeFiles/ipdss_rpico.dir/home/valera/pico/pico-sdk/src/common/pico_time/time.c.obj
 *fill*         0x0000000010006ffd        0x3 
 .rodata.__func__.5932
                0x0000000010007000        0xc CMakeFiles/ipdss_rpico.dir/home/valera/pico/pico-sdk/src/common/pico_time/time.c.obj
 .rodata.__func__.5939
                0x000000001000700c       0x12 CMakeFiles/ipdss_rpico.dir/home/valera/pico/pico-sdk/src/common/pico_time/time.c.obj
 *fill*         0x000000001000701e        0x2 
 .rodata.__func__.5955
                0x0000000010007020        0xf CMakeFiles/ipdss_rpico.dir/home/valera/pico/pico-sdk/src/common/pico_time/time.c.obj
 *fill*         0x000000001000702f        0x1 
 .rodata.__func__.5977
                0x0000000010007030        0xd CMakeFiles/ipdss_rpico.dir/home/valera/pico/pico-sdk/src/common/pico_time/time.c.obj
 *fill*         0x000000001000703d        0x3 
 .rodata.__func__.6096
                0x0000000010007040        0xa CMakeFiles/ipdss_rpico.dir/home/valera/pico/pico-sdk/src/common/pico_time/time.c.obj
 *fill*         0x000000001000704a        0x2 
 .rodata.__func__.6101
                0x000000001000704c       0x12 CMakeFiles/ipdss_rpico.dir/home/valera/pico/pico-sdk/src/common/pico_time/time.c.obj
 *fill*         0x000000001000705e        0x2 
 .rodata.__func__.6116
                0x0000000010007060       0x17 CMakeFiles/ipdss_rpico.dir/home/valera/pico/pico-sdk/src/common/pico_time/time.c.obj
 *fill*         0x0000000010007077        0x1 
 .rodata.__func__.6127
                0x0000000010007078       0x15 CMakeFiles/ipdss_rpico.dir/home/valera/pico/pico-sdk/src/common/pico_time/time.c.obj
 *fill*         0x000000001000708d        0x3 
 .rodata.__func__.6144
                0x0000000010007090       0x1a CMakeFiles/ipdss_rpico.dir/home/valera/pico/pico-sdk/src/common/pico_time/time.c.obj
 *fill*         0x00000000100070aa        0x2 
 .rodata.__func__.6183
                0x00000000100070ac       0x18 CMakeFiles/ipdss_rpico.dir/home/valera/pico/pico-sdk/src/common/pico_time/time.c.obj
 .rodata.hardware_alarm_claim.str1.4
                0x00000000100070c4       0x22 CMakeFiles/ipdss_rpico.dir/home/valera/pico/pico-sdk/src/rp2_common/hardware_timer/timer.c.obj
 *fill*         0x00000000100070e6        0x2 
 .rodata.hardware_alarm_set_target.str1.4
                0x00000000100070e8       0x65 CMakeFiles/ipdss_rpico.dir/home/valera/pico/pico-sdk/src/rp2_common/hardware_timer/timer.c.obj
 *fill*         0x000000001000714d        0x3 
 .rodata.__func__.4535
                0x0000000010007150       0x1a CMakeFiles/ipdss_rpico.dir/home/valera/pico/pico-sdk/src/rp2_common/hardware_timer/timer.c.obj
 *fill*         0x000000001000716a        0x2 
 .rodata.str1.4
                0x000000001000716c       0x5c CMakeFiles/ipdss_rpico.dir/home/valera/pico/pico-sdk/src/common/pico_sync/mutex.c.obj
                                         0xc0 (size before relaxing)
 .rodata.__func__.4193
                0x00000000100071c8       0x15 CMakeFiles/ipdss_rpico.dir/home/valera/pico/pico-sdk/src/common/pico_sync/mutex.c.obj
 *fill*         0x00000000100071dd        0x3 
 .rodata.__func__.4590
                0x00000000100071e0       0x15 CMakeFiles/ipdss_rpico.dir/home/valera/pico/pico-sdk/src/common/pico_sync/mutex.c.obj
 *fill*         0x00000000100071f5        0x3 
 .rodata.__func__.4609
                0x00000000100071f8       0x18 CMakeFiles/ipdss_rpico.dir/home/valera/pico/pico-sdk/src/common/pico_sync/mutex.c.obj
 .rodata.__func__.4618
                0x0000000010007210        0xb CMakeFiles/ipdss_rpico.dir/home/valera/pico/pico-sdk/src/common/pico_sync/mutex.c.obj
 .rodata.ph_add_child_node.str1.4
                0x000000001000721b       0x96 CMakeFiles/ipdss_rpico.dir/home/valera/pico/pico-sdk/src/common/pico_util/pheap.c.obj
 *fill*         0x000000001000721b        0x1 
 .rodata.ph_remove_any_head.str1.4
                0x000000001000721c       0x8c CMakeFiles/ipdss_rpico.dir/home/valera/pico/pico-sdk/src/common/pico_util/pheap.c.obj
 .rodata.ph_remove_and_free_node.str1.4
                0x00000000100072a8       0x26 CMakeFiles/ipdss_rpico.dir/home/valera/pico/pico-sdk/src/common/pico_util/pheap.c.obj
 *fill*         0x00000000100072ce        0x2 
 .rodata.__func__.5708
                0x00000000100072d0        0xc CMakeFiles/ipdss_rpico.dir/home/valera/pico/pico-sdk/src/common/pico_util/pheap.c.obj
 .rodata.__func__.5715
                0x00000000100072dc       0x12 CMakeFiles/ipdss_rpico.dir/home/valera/pico/pico-sdk/src/common/pico_util/pheap.c.obj
 *fill*         0x00000000100072ee        0x2 
 .rodata.__func__.5801
                0x00000000100072f0       0x13 CMakeFiles/ipdss_rpico.dir/home/valera/pico/pico-sdk/src/common/pico_util/pheap.c.obj
 *fill*         0x0000000010007303        0x1 
 .rodata.__func__.5819
                0x0000000010007304       0x18 CMakeFiles/ipdss_rpico.dir/home/valera/pico/pico-sdk/src/common/pico_util/pheap.c.obj
 .rodata.__assert_func.str1.4
                0x000000001000731c       0x3f CMakeFiles/ipdss_rpico.dir/home/valera/pico/pico-sdk/src/rp2_common/pico_runtime/runtime.c.obj
                                         0x43 (size before relaxing)
 *fill*         0x000000001000735b        0x1 
 .rodata.panic.str1.4
                0x000000001000735c       0x12 CMakeFiles/ipdss_rpico.dir/home/valera/pico/pico-sdk/src/rp2_common/pico_runtime/runtime.c.obj
 *fill*         0x000000001000736e        0x2 
 .rodata.clock_configure.str1.4
                0x0000000010007370       0x57 CMakeFiles/ipdss_rpico.dir/home/valera/pico/pico-sdk/src/rp2_common/hardware_clocks/clocks.c.obj
 *fill*         0x00000000100073c7        0x1 
 .rodata.__func__.4655
                0x00000000100073c8       0x10 CMakeFiles/ipdss_rpico.dir/home/valera/pico/pico-sdk/src/rp2_common/hardware_clocks/clocks.c.obj
 .rodata.pll_init.str1.4
                0x00000000100073d8       0xdb CMakeFiles/ipdss_rpico.dir/home/valera/pico/pico-sdk/src/rp2_common/hardware_pll/pll.c.obj
 *fill*         0x00000000100074b3        0x1 
 .rodata.__func__.4385
                0x00000000100074b4        0x9 CMakeFiles/ipdss_rpico.dir/home/valera/pico/pico-sdk/src/rp2_common/hardware_pll/pll.c.obj
 *fill*         0x00000000100074bd        0x3 
 .rodata.make_branch.str1.4
                0x00000000100074c0       0x4d CMakeFiles/ipdss_rpico.dir/home/valera/pico/pico-sdk/src/rp2_common/hardware_irq/irq.c.obj
 *fill*         0x000000001000750d        0x3 
 .rodata.irq_set_exclusive_handler.str1.4
                0x0000000010007510       0x36 CMakeFiles/ipdss_rpico.dir/home/valera/pico/pico-sdk/src/rp2_common/hardware_irq/irq.c.obj
 *fill*         0x0000000010007546        0x2 
 .rodata.irq_add_shared_handler.str1.4
                0x0000000010007548       0xd9 CMakeFiles/ipdss_rpico.dir/home/valera/pico/pico-sdk/src/rp2_common/hardware_irq/irq.c.obj
 *fill*         0x0000000010007621        0x3 
 .rodata.irq_remove_handler.str1.4
                0x0000000010007624       0x2a CMakeFiles/ipdss_rpico.dir/home/valera/pico/pico-sdk/src/rp2_common/hardware_irq/irq.c.obj
 *fill*         0x000000001000764e        0x2 
 .rodata.irq_add_tail_to_free_list.str1.4
                0x0000000010007650       0x32 CMakeFiles/ipdss_rpico.dir/home/valera/pico/pico-sdk/src/rp2_common/hardware_irq/irq.c.obj
                                         0x3a (size before relaxing)
 *fill*         0x0000000010007682        0x2 
 .rodata.__func__.4494
                0x0000000010007684       0x1a CMakeFiles/ipdss_rpico.dir/home/valera/pico/pico-sdk/src/rp2_common/hardware_irq/irq.c.obj
 *fill*         0x000000001000769e        0x2 
 .rodata.__func__.4508
                0x00000000100076a0        0xc CMakeFiles/ipdss_rpico.dir/home/valera/pico/pico-sdk/src/rp2_common/hardware_irq/irq.c.obj
 .rodata.__func__.4516
                0x00000000100076ac       0x17 CMakeFiles/ipdss_rpico.dir/home/valera/pico/pico-sdk/src/rp2_common/hardware_irq/irq.c.obj
 *fill*         0x00000000100076c3        0x1 
 .rodata.__func__.4520
                0x00000000100076c4        0xf CMakeFiles/ipdss_rpico.dir/home/valera/pico/pico-sdk/src/rp2_common/hardware_irq/irq.c.obj
 *fill*         0x00000000100076d3        0x1 
 .rodata.__func__.4559
                0x00000000100076d4       0x13 CMakeFiles/ipdss_rpico.dir/home/valera/pico/pico-sdk/src/rp2_common/hardware_irq/irq.c.obj
 *fill*         0x00000000100076e7        0x1 
 .rodata.__func__.4578
                0x00000000100076e8       0x1a CMakeFiles/ipdss_rpico.dir/home/valera/pico/pico-sdk/src/rp2_common/hardware_irq/irq.c.obj
 *fill*         0x0000000010007702        0x2 
 .rodata._ftoa.str1.4
                0x0000000010007704       0x15 CMakeFiles/ipdss_rpico.dir/home/valera/pico/pico-sdk/src/rp2_common/pico_printf/printf.c.obj
 *fill*         0x0000000010007719        0x3 
 .rodata._vsnprintf
                0x000000001000771c      0x1e0 CMakeFiles/ipdss_rpico.dir/home/valera/pico/pico-sdk/src/rp2_common/pico_printf/printf.c.obj
 *fill*         0x00000000100078fc        0x4 
 .rodata.pow10.5422
                0x0000000010007900       0x50 CMakeFiles/ipdss_rpico.dir/home/valera/pico/pico-sdk/src/rp2_common/pico_printf/printf.c.obj
 .rodata.__aeabi_double_init.str1.4
                0x0000000010007950       0xa8 CMakeFiles/ipdss_rpico.dir/home/valera/pico/pico-sdk/src/rp2_common/pico_double/double_init_rom.c.obj
 .rodata.__func__.4668
                0x00000000100079f8       0x14 CMakeFiles/ipdss_rpico.dir/home/valera/pico/pico-sdk/src/rp2_common/pico_double/double_init_rom.c.obj
 .rodata.__aeabi_float_init.str1.4
                0x0000000010007a0c       0x7a CMakeFiles/ipdss_rpico.dir/home/valera/pico/pico-sdk/src/rp2_common/pico_float/float_init_rom.c.obj
                                         0x7e (size before relaxing)
 *fill*         0x0000000010007a86        0x2 
 .rodata.__func__.4670
                0x0000000010007a88       0x13 CMakeFiles/ipdss_rpico.dir/home/valera/pico/pico-sdk/src/rp2_common/pico_float/float_init_rom.c.obj
 *fill*         0x0000000010007a9b        0x1 
 .rodata.str1.4
                0x0000000010007a9c       0x40 CMakeFiles/ipdss_rpico.dir/home/valera/pico/pico-sdk/src/rp2_common/pico_standard_link/binary_info.c.obj
 .rodata.__bi_44
                0x0000000010007adc        0xc CMakeFiles/ipdss_rpico.dir/home/valera/pico/pico-sdk/src/rp2_common/pico_standard_link/binary_info.c.obj
 .rodata.__bi_75
                0x0000000010007ae8        0xc CMakeFiles/ipdss_rpico.dir/home/valera/pico/pico-sdk/src/rp2_common/pico_standard_link/binary_info.c.obj
 .rodata.__bi_81
                0x0000000010007af4        0xc CMakeFiles/ipdss_rpico.dir/home/valera/pico/pico-sdk/src/rp2_common/pico_standard_link/binary_info.c.obj
 .rodata.crlf_str.5996
                0x0000000010007b00        0x2 CMakeFiles/ipdss_rpico.dir/home/valera/pico/pico-sdk/src/rp2_common/pico_stdio/stdio.c.obj
 *fill*         0x0000000010007b02        0x2 
 .rodata.str1.4
                0x0000000010007b04       0x2c CMakeFiles/ipdss_rpico.dir/home/valera/pico/pico-sdk/src/rp2_common/pico_stdio_uart/stdio_uart.c.obj
 .rodata.__bi_28.4706
                0x0000000010007b30        0xc CMakeFiles/ipdss_rpico.dir/home/valera/pico/pico-sdk/src/rp2_common/pico_stdio_uart/stdio_uart.c.obj
 .rodata.__bi_29.4710
                0x0000000010007b3c        0x8 CMakeFiles/ipdss_rpico.dir/home/valera/pico/pico-sdk/src/rp2_common/pico_stdio_uart/stdio_uart.c.obj
 .rodata._resetd_driver
                0x0000000010007b44       0x1c CMakeFiles/ipdss_rpico.dir/home/valera/pico/pico-sdk/src/rp2_common/pico_stdio_usb/reset_interface.c.obj
 .rodata.stdio_usb_init.str1.4
                0x0000000010007b60       0x61 CMakeFiles/ipdss_rpico.dir/home/valera/pico/pico-sdk/src/rp2_common/pico_stdio_usb/stdio_usb.c.obj
 .rodata.str1.4
                0x0000000010007b60       0x13 CMakeFiles/ipdss_rpico.dir/home/valera/pico/pico-sdk/src/rp2_common/pico_stdio_usb/stdio_usb.c.obj
 *fill*         0x0000000010007b73        0x1 
 .rodata.__bi_93.7049
                0x0000000010007b74        0xc CMakeFiles/ipdss_rpico.dir/home/valera/pico/pico-sdk/src/rp2_common/pico_stdio_usb/stdio_usb.c.obj
 .rodata.__func__.5424
                0x0000000010007b80       0x15 CMakeFiles/ipdss_rpico.dir/home/valera/pico/pico-sdk/src/rp2_common/pico_stdio_usb/stdio_usb.c.obj
 *fill*         0x0000000010007b95        0x3 
 .rodata.str1.4
                0x0000000010007b98       0x3a CMakeFiles/ipdss_rpico.dir/home/valera/pico/pico-sdk/src/rp2_common/pico_stdio_usb/stdio_usb_descriptors.c.obj
 *fill*         0x0000000010007bd2        0x2 
 .rodata.usbd_desc_cfg
                0x0000000010007bd4       0x54 CMakeFiles/ipdss_rpico.dir/home/valera/pico/pico-sdk/src/rp2_common/pico_stdio_usb/stdio_usb_descriptors.c.obj
 .rodata.usbd_desc_device
                0x0000000010007c28       0x12 CMakeFiles/ipdss_rpico.dir/home/valera/pico/pico-sdk/src/rp2_common/pico_stdio_usb/stdio_usb_descriptors.c.obj
 *fill*         0x0000000010007c3a        0x2 
 .rodata.usbd_desc_str
                0x0000000010007c3c       0x18 CMakeFiles/ipdss_rpico.dir/home/valera/pico/pico-sdk/src/rp2_common/pico_stdio_usb/stdio_usb_descriptors.c.obj
 .rodata._hw_endpoint_alloc.str1.4
                0x0000000010007c54       0xb5 CMakeFiles/ipdss_rpico.dir/home/valera/pico/pico-sdk/lib/tinyusb/src/portable/raspberrypi/rp2040/dcd_rp2040.c.obj
 *fill*         0x0000000010007d09        0x3 
 .rodata._hw_endpoint_init.str1.4
                0x0000000010007d0c       0x28 CMakeFiles/ipdss_rpico.dir/home/valera/pico/pico-sdk/lib/tinyusb/src/portable/raspberrypi/rp2040/dcd_rp2040.c.obj
 .rodata.hw_handle_buff_status.str1.4
                0x0000000010007d34        0xb CMakeFiles/ipdss_rpico.dir/home/valera/pico/pico-sdk/lib/tinyusb/src/portable/raspberrypi/rp2040/dcd_rp2040.c.obj
 *fill*         0x0000000010007d3f        0x1 
 .rodata.dcd_rp2040_irq.str1.4
                0x0000000010007d40       0x14 CMakeFiles/ipdss_rpico.dir/home/valera/pico/pico-sdk/lib/tinyusb/src/portable/raspberrypi/rp2040/dcd_rp2040.c.obj
 .rodata._hw_endpoint_stall.str1.4
                0x0000000010007d54        0xd CMakeFiles/ipdss_rpico.dir/home/valera/pico/pico-sdk/lib/tinyusb/src/portable/raspberrypi/rp2040/dcd_rp2040.c.obj
 *fill*         0x0000000010007d61        0x3 
 .rodata.dcd_int_enable.str1.4
                0x0000000010007d64        0xc CMakeFiles/ipdss_rpico.dir/home/valera/pico/pico-sdk/lib/tinyusb/src/portable/raspberrypi/rp2040/dcd_rp2040.c.obj
 .rodata.__func__.6772
                0x0000000010007d70       0x13 CMakeFiles/ipdss_rpico.dir/home/valera/pico/pico-sdk/lib/tinyusb/src/portable/raspberrypi/rp2040/dcd_rp2040.c.obj
 *fill*         0x0000000010007d83        0x1 
 .rodata.__func__.6803
                0x0000000010007d84       0x16 CMakeFiles/ipdss_rpico.dir/home/valera/pico/pico-sdk/lib/tinyusb/src/portable/raspberrypi/rp2040/dcd_rp2040.c.obj
 *fill*         0x0000000010007d9a        0x2 
 .rodata.__func__.6824
                0x0000000010007d9c       0x13 CMakeFiles/ipdss_rpico.dir/home/valera/pico/pico-sdk/lib/tinyusb/src/portable/raspberrypi/rp2040/dcd_rp2040.c.obj
 *fill*         0x0000000010007daf        0x1 
 .rodata.__func__.6845
                0x0000000010007db0        0x9 CMakeFiles/ipdss_rpico.dir/home/valera/pico/pico-sdk/lib/tinyusb/src/portable/raspberrypi/rp2040/dcd_rp2040.c.obj
 *fill*         0x0000000010007db9        0x3 
 .rodata.__func__.6849
                0x0000000010007dbc        0xf CMakeFiles/ipdss_rpico.dir/home/valera/pico/pico-sdk/lib/tinyusb/src/portable/raspberrypi/rp2040/dcd_rp2040.c.obj
 *fill*         0x0000000010007dcb        0x1 
 .rodata.__func__.6858
                0x0000000010007dcc       0x10 CMakeFiles/ipdss_rpico.dir/home/valera/pico/pico-sdk/lib/tinyusb/src/portable/raspberrypi/rp2040/dcd_rp2040.c.obj
 .rodata.__func__.6870
                0x0000000010007ddc        0xc CMakeFiles/ipdss_rpico.dir/home/valera/pico/pico-sdk/lib/tinyusb/src/portable/raspberrypi/rp2040/dcd_rp2040.c.obj
 .rodata.__func__.6875
                0x0000000010007de8       0x1a CMakeFiles/ipdss_rpico.dir/home/valera/pico/pico-sdk/lib/tinyusb/src/portable/raspberrypi/rp2040/dcd_rp2040.c.obj
 *fill*         0x0000000010007e02        0x2 
 .rodata.__func__.6880
                0x0000000010007e04        0xe CMakeFiles/ipdss_rpico.dir/home/valera/pico/pico-sdk/lib/tinyusb/src/portable/raspberrypi/rp2040/dcd_rp2040.c.obj
 *fill*         0x0000000010007e12        0x2 
 .rodata.__func__.6887
                0x0000000010007e14        0xe CMakeFiles/ipdss_rpico.dir/home/valera/pico/pico-sdk/lib/tinyusb/src/portable/raspberrypi/rp2040/dcd_rp2040.c.obj
 *fill*         0x0000000010007e22        0x2 
 .rodata.__func__.6892
                0x0000000010007e24        0xf CMakeFiles/ipdss_rpico.dir/home/valera/pico/pico-sdk/lib/tinyusb/src/portable/raspberrypi/rp2040/dcd_rp2040.c.obj
 *fill*         0x0000000010007e33        0x1 
 .rodata.__func__.6897
                0x0000000010007e34       0x15 CMakeFiles/ipdss_rpico.dir/home/valera/pico/pico-sdk/lib/tinyusb/src/portable/raspberrypi/rp2040/dcd_rp2040.c.obj
 *fill*         0x0000000010007e49        0x3 
 .rodata._hw_endpoint_buffer_control_update32.str1.4
                0x0000000010007e4c       0x1f CMakeFiles/ipdss_rpico.dir/home/valera/pico/pico-sdk/lib/tinyusb/src/portable/raspberrypi/rp2040/rp2040_usb.c.obj
 *fill*         0x0000000010007e6b        0x1 
 .rodata._hw_endpoint_xfer_sync.str1.4
                0x0000000010007e6c       0x91 CMakeFiles/ipdss_rpico.dir/home/valera/pico/pico-sdk/lib/tinyusb/src/portable/raspberrypi/rp2040/rp2040_usb.c.obj
 *fill*         0x0000000010007efd        0x3 
 .rodata._hw_endpoint_xfer_continue.str1.4
                0x0000000010007f00       0x50 CMakeFiles/ipdss_rpico.dir/home/valera/pico/pico-sdk/lib/tinyusb/src/portable/raspberrypi/rp2040/rp2040_usb.c.obj
 .rodata._hw_endpoint_xfer.str1.4
                0x0000000010007f50        0xf CMakeFiles/ipdss_rpico.dir/home/valera/pico/pico-sdk/lib/tinyusb/src/portable/raspberrypi/rp2040/rp2040_usb.c.obj
 .rodata.str1.4
                0x0000000010007f5f        0xf CMakeFiles/ipdss_rpico.dir/home/valera/pico/pico-sdk/lib/tinyusb/src/portable/raspberrypi/rp2040/rp2040_usb.c.obj
                                          0x7 (size before relaxing)
 *fill*         0x0000000010007f5f        0x1 
 .rodata.__func__.6646
                0x0000000010007f60       0x17 CMakeFiles/ipdss_rpico.dir/home/valera/pico/pico-sdk/lib/tinyusb/src/portable/raspberrypi/rp2040/rp2040_usb.c.obj
 *fill*         0x0000000010007f77        0x1 
 .rodata.__func__.6657
                0x0000000010007f78       0x12 CMakeFiles/ipdss_rpico.dir/home/valera/pico/pico-sdk/lib/tinyusb/src/portable/raspberrypi/rp2040/rp2040_usb.c.obj
 *fill*         0x0000000010007f8a        0x2 
 .rodata.process_set_config.str1.4
                0x0000000010007f8c       0x17 CMakeFiles/ipdss_rpico.dir/home/valera/pico/pico-sdk/lib/tinyusb/src/device/usbd.c.obj
 *fill*         0x0000000010007fa3        0x1 
 .rodata.process_get_descriptor
                0x0000000010007fa4       0x40 CMakeFiles/ipdss_rpico.dir/home/valera/pico/pico-sdk/lib/tinyusb/src/device/usbd.c.obj
 .rodata.dcd_event_handler.str1.4
                0x0000000010007fe4       0x4c CMakeFiles/ipdss_rpico.dir/home/valera/pico/pico-sdk/lib/tinyusb/src/device/usbd.c.obj
 .rodata.process_control_request
                0x0000000010008030       0x28 CMakeFiles/ipdss_rpico.dir/home/valera/pico/pico-sdk/lib/tinyusb/src/device/usbd.c.obj
 .rodata.tud_task
                0x0000000010008058       0x24 CMakeFiles/ipdss_rpico.dir/home/valera/pico/pico-sdk/lib/tinyusb/src/device/usbd.c.obj
 .rodata.__func__.6406
                0x000000001000807c       0x13 CMakeFiles/ipdss_rpico.dir/home/valera/pico/pico-sdk/lib/tinyusb/src/device/usbd.c.obj
 *fill*         0x000000001000808f        0x1 
 .rodata.__func__.6413
                0x0000000010008090       0x10 CMakeFiles/ipdss_rpico.dir/home/valera/pico/pico-sdk/lib/tinyusb/src/device/usbd.c.obj
 .rodata.__func__.7184
                0x00000000100080a0        0x9 CMakeFiles/ipdss_rpico.dir/home/valera/pico/pico-sdk/lib/tinyusb/src/device/usbd.c.obj
 *fill*         0x00000000100080a9        0x3 
 .rodata.__func__.7205
                0x00000000100080ac       0x18 CMakeFiles/ipdss_rpico.dir/home/valera/pico/pico-sdk/lib/tinyusb/src/device/usbd.c.obj
 .rodata.__func__.7244
                0x00000000100080c4       0x13 CMakeFiles/ipdss_rpico.dir/home/valera/pico/pico-sdk/lib/tinyusb/src/device/usbd.c.obj
 *fill*         0x00000000100080d7        0x1 
 .rodata.__func__.7287
                0x00000000100080d8       0x17 CMakeFiles/ipdss_rpico.dir/home/valera/pico/pico-sdk/lib/tinyusb/src/device/usbd.c.obj
 *fill*         0x00000000100080ef        0x1 
 .rodata.__func__.7341
                0x00000000100080f0       0x14 CMakeFiles/ipdss_rpico.dir/home/valera/pico/pico-sdk/lib/tinyusb/src/device/usbd.c.obj
 .rodata.__func__.7377
                0x0000000010008104        0xf CMakeFiles/ipdss_rpico.dir/home/valera/pico/pico-sdk/lib/tinyusb/src/device/usbd.c.obj
 *fill*         0x0000000010008113        0x1 
 .rodata._usbd_driver
                0x0000000010008114       0x1c CMakeFiles/ipdss_rpico.dir/home/valera/pico/pico-sdk/lib/tinyusb/src/device/usbd.c.obj
 .rodata.tud_control_xfer.str1.4
                0x0000000010008130       0x17 CMakeFiles/ipdss_rpico.dir/home/valera/pico/pico-sdk/lib/tinyusb/src/device/usbd_control.c.obj
 .rodata.__func__.7104
                0x0000000010008130       0x11 CMakeFiles/ipdss_rpico.dir/home/valera/pico/pico-sdk/lib/tinyusb/src/device/usbd_control.c.obj
 *fill*         0x0000000010008141        0x3 
 .rodata.__func__.7122
                0x0000000010008144       0x15 CMakeFiles/ipdss_rpico.dir/home/valera/pico/pico-sdk/lib/tinyusb/src/device/usbd_control.c.obj
 .rodata.tud_cdc_n_write_flush.str1.4
                0x0000000010008159       0x17 CMakeFiles/ipdss_rpico.dir/home/valera/pico/pico-sdk/lib/tinyusb/src/class/cdc/cdc_device.c.obj
 *fill*         0x0000000010008159        0x3 
 .rodata.__func__.7046
                0x000000001000815c       0x16 CMakeFiles/ipdss_rpico.dir/home/valera/pico/pico-sdk/lib/tinyusb/src/class/cdc/cdc_device.c.obj
 *fill*         0x0000000010008172        0x2 
 .rodata.__func__.7075
                0x0000000010008174        0xa CMakeFiles/ipdss_rpico.dir/home/valera/pico/pico-sdk/lib/tinyusb/src/class/cdc/cdc_device.c.obj
 *fill*         0x000000001000817e        0x2 
 .rodata.__func__.7115
                0x0000000010008180        0xd CMakeFiles/ipdss_rpico.dir/home/valera/pico/pico-sdk/lib/tinyusb/src/class/cdc/cdc_device.c.obj
 .rodata.tusb_init.str1.4
                0x000000001000818d       0x17 CMakeFiles/ipdss_rpico.dir/home/valera/pico/pico-sdk/lib/tinyusb/src/tusb.c.obj
 *fill*         0x000000001000818d        0x3 
 .rodata.__func__.6983
                0x0000000010008190        0xa CMakeFiles/ipdss_rpico.dir/home/valera/pico/pico-sdk/lib/tinyusb/src/tusb.c.obj
                0x000000001000819c                . = ALIGN (0x4)
 *fill*         0x000000001000819a        0x2 
 *(SORT_BY_ALIGNMENT(SORT_BY_NAME(.flashdata*)))
                0x000000001000819c                . = ALIGN (0x4)

.rel.dyn        0x000000001000819c        0x0
 .rel.iplt      0x000000001000819c        0x0 /usr/lib/gcc/arm-none-eabi/9.2.1/thumb/v6-m/nofp/crtbegin.o

.ARM.extab
 *(.ARM.extab* .gnu.linkonce.armextab.*)
                0x000000001000819c                __exidx_start = .

.ARM.exidx
 *(.ARM.exidx* .gnu.linkonce.armexidx.*)
                0x000000001000819c                __exidx_end = .
                0x000000001000819c                . = ALIGN (0x4)
                0x000000001000819c                __binary_info_start = .

.binary_info    0x000000001000819c       0x28
 *(.binary_info.keep.*)
 .binary_info.keep.__bi_ptr22
                0x000000001000819c        0x4 CMakeFiles/ipdss_rpico.dir/home/valera/pico/pico-sdk/src/rp2_common/pico_standard_link/binary_info.c.obj
 .binary_info.keep.__bi_ptr30
                0x00000000100081a0        0x4 CMakeFiles/ipdss_rpico.dir/home/valera/pico/pico-sdk/src/rp2_common/pico_standard_link/binary_info.c.obj
 .binary_info.keep.__bi_ptr38
                0x00000000100081a4        0x4 CMakeFiles/ipdss_rpico.dir/home/valera/pico/pico-sdk/src/rp2_common/pico_standard_link/binary_info.c.obj
 .binary_info.keep.__bi_ptr44
                0x00000000100081a8        0x4 CMakeFiles/ipdss_rpico.dir/home/valera/pico/pico-sdk/src/rp2_common/pico_standard_link/binary_info.c.obj
 .binary_info.keep.__bi_ptr50
                0x00000000100081ac        0x4 CMakeFiles/ipdss_rpico.dir/home/valera/pico/pico-sdk/src/rp2_common/pico_standard_link/binary_info.c.obj
 .binary_info.keep.__bi_ptr75
                0x00000000100081b0        0x4 CMakeFiles/ipdss_rpico.dir/home/valera/pico/pico-sdk/src/rp2_common/pico_standard_link/binary_info.c.obj
 .binary_info.keep.__bi_ptr81
                0x00000000100081b4        0x4 CMakeFiles/ipdss_rpico.dir/home/valera/pico/pico-sdk/src/rp2_common/pico_standard_link/binary_info.c.obj
 *(.binary_info.*)
 .binary_info.__bi_ptr28
                0x00000000100081b8        0x4 CMakeFiles/ipdss_rpico.dir/home/valera/pico/pico-sdk/src/rp2_common/pico_stdio_uart/stdio_uart.c.obj
 .binary_info.__bi_ptr29
                0x00000000100081bc        0x4 CMakeFiles/ipdss_rpico.dir/home/valera/pico/pico-sdk/src/rp2_common/pico_stdio_uart/stdio_uart.c.obj
 .binary_info.__bi_ptr93
                0x00000000100081c0        0x4 CMakeFiles/ipdss_rpico.dir/home/valera/pico/pico-sdk/src/rp2_common/pico_stdio_usb/stdio_usb.c.obj
                0x00000000100081c4                __binary_info_end = .
                0x00000000100081c4                . = ALIGN (0x4)
                0x00000000100081c4                __etext = .

.ram_vector_table
                0x0000000020000000       0xc0
 *(.ram_vector_table)
 .ram_vector_table
                0x0000000020000000       0xc0 CMakeFiles/ipdss_rpico.dir/home/valera/pico/pico-sdk/src/rp2_common/pico_runtime/runtime.c.obj
                0x0000000020000000                ram_vector_table

.data           0x00000000200000c0      0x33c load address 0x00000000100081c4
                0x00000000200000c0                __data_start__ = .
 *(vtable)
 *(.time_critical*)
 .time_critical.mutex_enter_blocking
                0x00000000200000c0       0x64 CMakeFiles/ipdss_rpico.dir/home/valera/pico/pico-sdk/src/common/pico_sync/mutex.c.obj
                0x00000000200000c0                mutex_enter_blocking
 .time_critical.mutex_try_enter
                0x0000000020000124       0x48 CMakeFiles/ipdss_rpico.dir/home/valera/pico/pico-sdk/src/common/pico_sync/mutex.c.obj
                0x0000000020000124                mutex_try_enter
 .time_critical.mutex_enter_block_until
                0x000000002000016c       0x7c CMakeFiles/ipdss_rpico.dir/home/valera/pico/pico-sdk/src/common/pico_sync/mutex.c.obj
                0x000000002000016c                mutex_enter_block_until
 .time_critical.mutex_enter_timeout_ms
                0x00000000200001e8       0x78 CMakeFiles/ipdss_rpico.dir/home/valera/pico/pico-sdk/src/common/pico_sync/mutex.c.obj
                0x00000000200001e8                mutex_enter_timeout_ms
 .time_critical.mutex_exit
                0x0000000020000260       0x4c CMakeFiles/ipdss_rpico.dir/home/valera/pico/pico-sdk/src/common/pico_sync/mutex.c.obj
                0x0000000020000260                mutex_exit
 *(.text*)
 .text          0x00000000200002ac        0x4 /usr/lib/gcc/arm-none-eabi/9.2.1/thumb/v6-m/nofp/libgcc.a(_dvmd_tls.o)
                0x00000000200002ac                __aeabi_ldiv0
                0x00000000200002ac                __aeabi_idiv0
 .text.__stub   0x00000000200002b0       0x40 linker stubs
                0x00000000200002f0                . = ALIGN (0x4)
 *(.rodata*)
                0x00000000200002f0                . = ALIGN (0x4)
 *(.data*)
 .data.striped_spin_lock_num
                0x00000000200002f0        0x1 CMakeFiles/ipdss_rpico.dir/home/valera/pico/pico-sdk/src/rp2_common/hardware_sync/sync.c.obj
 *fill*         0x00000000200002f1        0x3 
 .data.default_alarm_pool
                0x00000000200002f4       0x18 CMakeFiles/ipdss_rpico.dir/home/valera/pico/pico-sdk/src/common/pico_time/time.c.obj
 .data.default_alarm_pool_heap
                0x000000002000030c       0x10 CMakeFiles/ipdss_rpico.dir/home/valera/pico/pico-sdk/src/common/pico_time/time.c.obj
 .data          0x000000002000031c       0x48 CMakeFiles/ipdss_rpico.dir/home/valera/pico/pico-sdk/src/rp2_common/hardware_irq/irq_handler_chain.S.obj
                0x000000002000031c                irq_handler_chain_slots
                0x000000002000034c                irq_handler_chain_first_slot
                0x0000000020000356                irq_handler_chain_remove_tail
 *fill*         0x0000000020000364        0xc 
 .data.aeabi_bits_funcs
                0x0000000020000370       0x10 CMakeFiles/ipdss_rpico.dir/home/valera/pico/pico-sdk/src/rp2_common/pico_bit_ops/bit_ops_aeabi.S.obj
                0x0000000020000370                aeabi_bits_funcs
                0x0000000020000380                aeabi_bits_funcs_end
 .data.aeabi_mem_funcs
                0x0000000020000380       0x10 CMakeFiles/ipdss_rpico.dir/home/valera/pico/pico-sdk/src/rp2_common/pico_mem_ops/mem_ops_aeabi.S.obj
                0x0000000020000380                aeabi_mem_funcs
                0x0000000020000390                aeabi_mem_funcs_end
 .data.stdio_uart
                0x0000000020000390       0x14 CMakeFiles/ipdss_rpico.dir/home/valera/pico/pico-sdk/src/rp2_common/pico_stdio_uart/stdio_uart.c.obj
                0x0000000020000390                stdio_uart
 .data.stdio_usb
                0x00000000200003a4       0x14 CMakeFiles/ipdss_rpico.dir/home/valera/pico/pico-sdk/src/rp2_common/pico_stdio_usb/stdio_usb.c.obj
                0x00000000200003a4                stdio_usb
 .data.ep_dir_string
                0x00000000200003b8        0x8 CMakeFiles/ipdss_rpico.dir/home/valera/pico/pico-sdk/lib/tinyusb/src/portable/raspberrypi/rp2040/rp2040_usb.c.obj
                0x00000000200003b8                ep_dir_string
 .data._usbd_qdef
                0x00000000200003c0       0x20 CMakeFiles/ipdss_rpico.dir/home/valera/pico/pico-sdk/lib/tinyusb/src/device/usbd.c.obj
                0x00000000200003c0                _usbd_qdef
                0x00000000200003e0                . = ALIGN (0x4)
 *(.after_data.*)
                0x00000000200003e0                . = ALIGN (0x4)
                0x00000000200003e0                PROVIDE (__mutex_array_start = .)
 *(SORT_BY_NAME(.mutex_array.*))
 *(.mutex_array)
 .mutex_array   0x00000000200003e0        0x8 CMakeFiles/ipdss_rpico.dir/home/valera/pico/pico-sdk/src/rp2_common/pico_stdio/stdio.c.obj
                0x00000000200003e8                PROVIDE (__mutex_array_end = .)
                0x00000000200003e8                . = ALIGN (0x4)
                0x00000000200003e8                PROVIDE (__preinit_array_start = .)
 *(SORT_BY_NAME(.preinit_array.*))
 .preinit_array.00001